Component: ARM Compiler 5.06 update 2 (build 183) Tool: armlink [4d35b7]

==============================================================================

Section Cross References

    main.o(i.main) refers to nvic.o(i.NVIC_Config) for NVIC_Config
    main.o(i.main) refers to usart.o(i.USART1_Init) for USART1_Init
    main.o(i.main) refers to delay.o(i.delay_Init) for delay_Init
    main.o(i.main) refers to led.o(i.LED_Init) for LED_Init
    main.o(i.main) refers to rgb.o(i.RGB_Init) for RGB_Init
    main.o(i.main) refers to exti.o(i.EXTIT_Init) for EXTIT_Init
    main.o(i.main) refers to timer.o(i.TIM4_Init) for TIM4_Init
    main.o(i.main) refers to iic.o(i.IIC_Init) for IIC_Init
    main.o(i.main) refers to mpu9250.o(i.MPU9250_Init) for MPU9250_Init
    main.o(i.main) refers to spi.o(i.SPI2_Init) for SPI2_Init
    main.o(i.main) refers to nrf24l01.o(i.NRF24L01_Init) for NRF24L01_Init
    main.o(i.main) refers to motor.o(i.MOTOR_Init) for MOTOR_Init
    main.o(i.main) refers to power.o(i.BAT_Init) for BAT_Init
    main.o(i.main) refers to paramsave.o(i.PID_ReadFlash) for PID_ReadFlash
    main.o(i.main) refers to pid.o(i.PidParameter_init) for PidParameter_init
    main.o(i.main) refers to rgb.o(i.RGB_Cyan) for RGB_Cyan
    main.o(i.main) refers to ano_dt.o(i.ANO_DT_Data_Exchange) for ANO_DT_Data_Exchange
    main.o(i.main) refers to imu.o(i.Prepare_Data) for Prepare_Data
    main.o(i.main) refers to imu.o(i.IMUupdate) for IMUupdate
    main.o(i.main) refers to control.o(i.Control) for Control
    main.o(i.main) refers to led.o(i.LED_Run) for LED_Run
    main.o(i.main) refers to rgb.o(i.RGB_Rand) for RGB_Rand
    main.o(i.main) refers to rgb.o(i.RGB_BAT_Alarm) for RGB_BAT_Alarm
    main.o(i.main) refers to remotedata.o(i.NRF_SingalCheck) for NRF_SingalCheck
    main.o(i.main) refers to remotedata.o(i.SendToRemote) for SendToRemote
    main.o(i.main) refers to nrf24l01.o(i.NRF_GetAddr) for NRF_GetAddr
    main.o(i.main) refers to power.o(i.BAT_LowVoltageAlarm) for BAT_LowVoltageAlarm
    main.o(i.main) refers to nvic.o(.data) for ANO_Scan
    main.o(i.main) refers to imu.o(.bss) for Att_Angle
    main.o(i.main) refers to control.o(.data) for Airplane_Enable
    main.o(i.main) refers to remotedata.o(.data) for RC_Control
    main.o(i.main) refers to rgb.o(.data) for Run_flag
    system_stm32f4xx.o(i.SystemCoreClockUpdate) refers to system_stm32f4xx.o(.data) for SystemCoreClock
    system_stm32f4xx.o(i.SystemInit) refers to system_stm32f4xx.o(i.SetSysClock) for SetSysClock
    startup_stm32f411xe.o(RESET) refers to startup_stm32f411xe.o(STACK) for __initial_sp
    startup_stm32f411xe.o(RESET) refers to startup_stm32f411xe.o(.text) for Reset_Handler
    startup_stm32f411xe.o(RESET) refers to stm32f4xx_it.o(i.NMI_Handler) for NMI_Handler
    startup_stm32f411xe.o(RESET) refers to stm32f4xx_it.o(i.HardFault_Handler) for HardFault_Handler
    startup_stm32f411xe.o(RESET) refers to stm32f4xx_it.o(i.MemManage_Handler) for MemManage_Handler
    startup_stm32f411xe.o(RESET) refers to stm32f4xx_it.o(i.BusFault_Handler) for BusFault_Handler
    startup_stm32f411xe.o(RESET) refers to stm32f4xx_it.o(i.UsageFault_Handler) for UsageFault_Handler
    startup_stm32f411xe.o(RESET) refers to stm32f4xx_it.o(i.SVC_Handler) for SVC_Handler
    startup_stm32f411xe.o(RESET) refers to stm32f4xx_it.o(i.DebugMon_Handler) for DebugMon_Handler
    startup_stm32f411xe.o(RESET) refers to stm32f4xx_it.o(i.PendSV_Handler) for PendSV_Handler
    startup_stm32f411xe.o(RESET) refers to stm32f4xx_it.o(i.SysTick_Handler) for SysTick_Handler
    startup_stm32f411xe.o(RESET) refers to nrf24l01.o(i.EXTI2_IRQHandler) for EXTI2_IRQHandler
    startup_stm32f411xe.o(RESET) refers to nvic.o(i.TIM4_IRQHandler) for TIM4_IRQHandler
    startup_stm32f411xe.o(RESET) refers to nvic.o(i.USART1_IRQHandler) for USART1_IRQHandler
    startup_stm32f411xe.o(RESET) refers to nvic.o(i.USART2_IRQHandler) for USART2_IRQHandler
    startup_stm32f411xe.o(.text) refers to system_stm32f4xx.o(i.SystemInit) for SystemInit
    startup_stm32f411xe.o(.text) refers to entry.o(.ARM.Collect$$$$00000000) for __main
    stm32f4xx_adc.o(i.ADC_DeInit) refers to stm32f4xx_rcc.o(i.RCC_APB2PeriphResetCmd) for RCC_APB2PeriphResetCmd
    stm32f4xx_can.o(i.CAN_DeInit) refers to stm32f4xx_rcc.o(i.RCC_APB1PeriphResetCmd) for RCC_APB1PeriphResetCmd
    stm32f4xx_can.o(i.CAN_GetITStatus) refers to stm32f4xx_can.o(i.CheckITStatus) for CheckITStatus
    stm32f4xx_cryp.o(i.CRYP_DeInit) refers to stm32f4xx_rcc.o(i.RCC_AHB2PeriphResetCmd) for RCC_AHB2PeriphResetCmd
    stm32f4xx_cryp_aes.o(i.CRYP_AES_CBC) refers to stm32f4xx_cryp.o(i.CRYP_KeyStructInit) for CRYP_KeyStructInit
    stm32f4xx_cryp_aes.o(i.CRYP_AES_CBC) refers to stm32f4xx_cryp.o(i.CRYP_FIFOFlush) for CRYP_FIFOFlush
    stm32f4xx_cryp_aes.o(i.CRYP_AES_CBC) refers to stm32f4xx_cryp.o(i.CRYP_Init) for CRYP_Init
    stm32f4xx_cryp_aes.o(i.CRYP_AES_CBC) refers to stm32f4xx_cryp.o(i.CRYP_KeyInit) for CRYP_KeyInit
[...]
    i.TIM_ClearITPendingBit                  0x08005088   Section        0  stm32f4xx_tim.o(i.TIM_ClearITPendingBit)
    i.TIM_Cmd                                0x0800508e   Section        0  stm32f4xx_tim.o(i.TIM_Cmd)
    i.TIM_GetITStatus                        0x080050a6   Section        0  stm32f4xx_tim.o(i.TIM_GetITStatus)
    i.TIM_ITConfig                           0x080050c8   Section        0  stm32f4xx_tim.o(i.TIM_ITConfig)
    i.TIM_OC1Init                            0x080050dc   Section        0  stm32f4xx_tim.o(i.TIM_OC1Init)
    i.TIM_OC1PreloadConfig                   0x08005158   Section        0  stm32f4xx_tim.o(i.TIM_OC1PreloadConfig)
    i.TIM_OC2Init                            0x0800516c   Section        0  stm32f4xx_tim.o(i.TIM_OC2Init)
    i.TIM_OC2PreloadConfig                   0x08005210   Section        0  stm32f4xx_tim.o(i.TIM_OC2PreloadConfig)
    i.TIM_OC3Init                            0x0800522c   Section        0  stm32f4xx_tim.o(i.TIM_OC3Init)
    i.TIM_OC3PreloadConfig                   0x080052cc   Section        0  stm32f4xx_tim.o(i.TIM_OC3PreloadConfig)
    i.TIM_OC4Init                            0x080052e0   Section        0  stm32f4xx_tim.o(i.TIM_OC4Init)
    i.TIM_OC4PreloadConfig                   0x08005358   Section        0  stm32f4xx_tim.o(i.TIM_OC4PreloadConfig)
    i.TIM_TimeBaseInit                       0x08005374   Section        0  stm32f4xx_tim.o(i.TIM_TimeBaseInit)
    i.TableToParams                          0x080053f8   Section        0  paramsave.o(i.TableToParams)
    i.USART1_GPIO_Config                     0x08005638   Section        0  usart.o(i.USART1_GPIO_Config)
    i.USART1_IRQHandler                      0x0800569c   Section        0  nvic.o(i.USART1_IRQHandler)
    i.USART1_Init                            0x080056e4   Section        0  usart.o(i.USART1_Init)
    i.USART2_IRQHandler                      0x0800573c   Section        0  nvic.o(i.USART2_IRQHandler)
    i.USART_ClearITPendingBit                0x080057b4   Section        0  stm32f4xx_usart.o(i.USART_ClearITPendingBit)
    i.USART_Cmd                              0x080057d2   Section        0  stm32f4xx_usart.o(i.USART_Cmd)
    i.USART_GetFlagStatus                    0x080057ea   Section        0  stm32f4xx_usart.o(i.USART_GetFlagStatus)
    i.USART_GetITStatus                      0x08005804   Section        0  stm32f4xx_usart.o(i.USART_GetITStatus)
    i.USART_ITConfig                         0x08005858   Section        0  stm32f4xx_usart.o(i.USART_ITConfig)
    i.USART_Init                             0x080058a4   Section        0  stm32f4xx_usart.o(i.USART_Init)
    i.USART_Send                             0x08005978   Section        0  usart.o(i.USART_Send)
    i.USART_SendData                         0x080059a8   Section        0  stm32f4xx_usart.o(i.USART_SendData)
    i.UnControl_Land                         0x080059b0   Section        0  remotedata.o(i.UnControl_Land)
    i.UsageFault_Handler                     0x080059d0   Section        0  stm32f4xx_it.o(i.UsageFault_Handler)
    i.WiFi_Data_ReceiveAnalysis              0x080059d4   Section        0  remotedata.o(i.WiFi_Data_ReceiveAnalysis)
    i.WiFi_Switch                            0x08005ac0   Section        0  power.o(i.WiFi_Switch)
    i.Yaw_Carefree                           0x08005af0   Section        0  control.o(i.Yaw_Carefree)
    i.__0printf                              0x08005b8c   Section        0  printfa.o(i.__0printf)
    i.__ARM_fpclassify                       0x08005bac   Section        0  fpclassify.o(i.__ARM_fpclassify)
    i.__ARM_fpclassifyf                      0x08005bdc   Section        0  fpclassifyf.o(i.__ARM_fpclassifyf)
    i.__hardfp_asin                          0x08005c08   Section        0  asin.o(i.__hardfp_asin)
    i.__hardfp_atan                          0x08005f68   Section        0  atan.o(i.__hardfp_atan)
    i.__hardfp_atan2                         0x08006240   Section        0  atan2.o(i.__hardfp_atan2)
    i.__hardfp_cosf                          0x08006430   Section        0  cosf.o(i.__hardfp_cosf)
    i.__hardfp_fabs                          0x08006580   Section        0  fabs.o(i.__hardfp_fabs)
    i.__hardfp_log                           0x08006598   Section        0  log.o(i.__hardfp_log)
    i.__hardfp_sinf                          0x0800695c   Section        0  sinf.o(i.__hardfp_sinf)
    i.__kernel_poly                          0x08006aec   Section        0  poly.o(i.__kernel_poly)
    i.__mathlib_dbl_divzero                  0x08006be8   Section        0  dunder.o(i.__mathlib_dbl_divzero)
    i.__mathlib_dbl_infnan                   0x08006c18   Section        0  dunder.o(i.__mathlib_dbl_infnan)
    i.__mathlib_dbl_infnan2                  0x08006c2c   Section        0  dunder.o(i.__mathlib_dbl_infnan2)
    i.__mathlib_dbl_invalid                  0x08006c40   Section        0  dunder.o(i.__mathlib_dbl_invalid)
    i.__mathlib_dbl_underflow                0x08006c60   Section        0  dunder.o(i.__mathlib_dbl_underflow)
    i.__mathlib_flt_infnan                   0x08006c80   Section        0  funder.o(i.__mathlib_flt_infnan)
    i.__mathlib_flt_invalid                  0x08006c88   Section        0  funder.o(i.__mathlib_flt_invalid)
    i.__mathlib_flt_underflow                0x08006c98   Section        0  funder.o(i.__mathlib_flt_underflow)
    i.__mathlib_rredf2                       0x08006ca8   Section        0  rredf.o(i.__mathlib_rredf2)
    i.__scatterload_copy                     0x08006dfc   Section       14  handlers.o(i.__scatterload_copy)
    i.__scatterload_null                     0x08006e0a   Section        2  handlers.o(i.__scatterload_null)
    i.__scatterload_zeroinit                 0x08006e0c   Section       14  handlers.o(i.__scatterload_zeroinit)
    i.__set_errno                            0x08006e1c   Section        0  errno.o(i.__set_errno)
    i._fp_digits                             0x08006e28   Section        0  printfa.o(i._fp_digits)
    _fp_digits                               0x08006e29   Thumb Code   334  printfa.o(i._fp_digits)
    i._printf_core                           0x08006f8c   Section        0  printfa.o(i._printf_core)
    _printf_core                             0x08006f8d   Thumb Code  1744  printfa.o(i._printf_core)
    i._printf_post_padding                   0x08007668   Section        0  printfa.o(i._printf_post_padding)
    _printf_post_padding                     0x08007669   Thumb Code    36  printfa.o(i._printf_post_padding)
    i._printf_pre_padding                    0x0800768c   Section        0  printfa.o(i._printf_pre_padding)
    _printf_pre_padding                      0x0800768d   Thumb Code    46  printfa.o(i._printf_pre_padding)
    i.atan                                   0x080076ba   Section        0  atan.o(i.atan)
    i.delay_Init                             0x080076cc   Section        0  delay.o(i.delay_Init)
    i.delay_ms                               0x08007714   Section        0  delay.o(i.delay_ms)
    i.delay_us                               0x0800775c   Section        0  delay.o(i.delay_us)
    i.fabs                                   0x080077a4   Section        0  fabs.o(i.fabs)
    i.fputc                                  0x080077bc   Section        0  usart.o(i.fputc)
    i.invSqrt                                0x080077e0   Section        0  imu.o(i.invSqrt)
    invSqrt                                  0x080077e1   Thumb Code    56  imu.o(i.invSqrt)
    i.main                                   0x0800781c   Section        0  main.o(i.main)
    i.sqrt                                   0x08007920   Section        0  sqrt.o(i.sqrt)
    .constdata                               0x08007990   Section       36  imu.o(.constdata)
    .constdata                               0x080079b8   Section       80  asin.o(.constdata)
    pS                                       0x080079b8   Data          48  asin.o(.constdata)
    qS                                       0x080079e8   Data          32  asin.o(.constdata)
    .constdata                               0x08007a08   Section       56  log.o(.constdata)
    Lg2                                      0x08007a08   Data          24  log.o(.constdata)
    Lg                                       0x08007a20   Data          32  log.o(.constdata)
    .constdata                               0x08007a40   Section      152  atan.o(.constdata)
    atanhi                                   0x08007a40   Data          32  atan.o(.constdata)
    atanlo                                   0x08007a60   Data          32  atan.o(.constdata)
    aTodd                                    0x08007a80   Data          40  atan.o(.constdata)
    aTeven                                   0x08007aa8   Data          48  atan.o(.constdata)
    .constdata                               0x08007ad8   Section        8  qnan.o(.constdata)
    .constdata                               0x08007ae0   Section       32  rredf.o(.constdata)
    twooverpi                                0x08007ae0   Data          32  rredf.o(.constdata)
    .data                                    0x20000000   Section       20  system_stm32f4xx.o(.data)
    .data                                    0x20000014   Section       16  stm32f4xx_rcc.o(.data)
    APBAHBPrescTable                         0x20000014   Data          16  stm32f4xx_rcc.o(.data)
    .data                                    0x20000024   Section        8  delay.o(.data)
    fac_ms                                   0x20000024   Data           4  delay.o(.data)
    fac_us                                   0x20000028   Data           4  delay.o(.data)
    .data                                    0x2000002c   Section        1  led.o(.data)
    flag                                     0x2000002c   Data           1  led.o(.data)
    .data                                    0x2000002d   Section        5  rgb.o(.data)
    cnt                                      0x2000002e   Data           1  rgb.o(.data)
    flag                                     0x2000002f   Data           1  rgb.o(.data)
    flag                                     0x20000030   Data           1  rgb.o(.data)
    cnt                                      0x20000031   Data           1  rgb.o(.data)
    .data                                    0x20000032   Section       20  nvic.o(.data)
    RxCounter                                0x20000038   Data           1  nvic.o(.data)
    ms2                                      0x2000003a   Data           2  nvic.o(.data)
    ms5                                      0x2000003c   Data           2  nvic.o(.data)
    ms10                                     0x2000003e   Data           2  nvic.o(.data)
    ms100                                    0x20000040   Data           2  nvic.o(.data)
    ms200                                    0x20000042   Data           2  nvic.o(.data)
    ms400                                    0x20000044   Data           2  nvic.o(.data)
    .data                                    0x20000048   Section       42  mpu9250.o(.data)
    tempgx                                   0x20000064   Data           4  mpu9250.o(.data)
    tempgy                                   0x20000068   Data           4  mpu9250.o(.data)
    tempgz                                   0x2000006c   Data           4  mpu9250.o(.data)
    cnt_a                                    0x20000070   Data           2  mpu9250.o(.data)
    .data                                    0x20000072   Section       13  nrf24l01.o(.data)
    mode                                     0x2000007d   Data           1  nrf24l01.o(.data)
    key                                      0x2000007e   Data           1  nrf24l01.o(.data)
    .data                                    0x20000080   Section       23  power.o(.data)
    cnt                                      0x20000095   Data           1  power.o(.data)
    cnt1                                     0x20000096   Data           1  power.o(.data)
    .data                                    0x20000098   Section       33  imu.o(.data)
    IIR_mode                                 0x200000b8   Data           1  imu.o(.data)
    .data                                    0x200000b9   Section        8  filter.o(.data)
    cnt                                      0x200000b9   Data           1  filter.o(.data)
    flag                                     0x200000ba   Data           1  filter.o(.data)
    cnt                                      0x200000bb   Data           1  filter.o(.data)
    flag                                     0x200000bc   Data           1  filter.o(.data)
    cnt                                      0x200000bd   Data           1  filter.o(.data)
    flag                                     0x200000be   Data           1  filter.o(.data)
    cnt                                      0x200000bf   Data           1  filter.o(.data)
    flag                                     0x200000c0   Data           1  filter.o(.data)
    .data                                    0x200000c4   Section       28  control.o(.data)
    YAW                                      0x200000de   Data           2  control.o(.data)
    .data                                    0x200000e0   Section       13  remotedata.o(.data)
    PreButton                                0x200000eb   Data           1  remotedata.o(.data)
    PreDataID                                0x200000ec   Data           1  remotedata.o(.data)
    .data                                    0x200000ed   Section        9  ano_dt.o(.data)
    status_cnt                               0x200000ee   Data           1  ano_dt.o(.data)
    senser_cnt                               0x200000ef   Data           1  ano_dt.o(.data)
    rcdata_cnt                               0x200000f0   Data           1  ano_dt.o(.data)
    motopwm_cnt                              0x200000f1   Data           1  ano_dt.o(.data)
    power_cnt                                0x200000f2   Data           1  ano_dt.o(.data)
    _data_len                                0x200000f3   Data           1  ano_dt.o(.data)
    _data_cnt                                0x200000f4   Data           1  ano_dt.o(.data)
    state                                    0x200000f5   Data           1  ano_dt.o(.data)
    .data                                    0x200000f8   Section        4  rand.o(.data)
    _rand_state                              0x200000f8   Data           4  rand.o(.data)
    .data                                    0x200000fc   Section        4  stdout.o(.data)
    .data                                    0x20000100   Section        4  errno.o(.data)
    _errno                                   0x20000100   Data           4  errno.o(.data)
    .bss                                     0x20000104   Section       30  nvic.o(.bss)
    RxBuffer                                 0x20000104   Data          30  nvic.o(.bss)
    .bss                                     0x20000122   Section       14  mpu9250.o(.bss)
    MPU9250_buff                             0x20000122   Data          14  mpu9250.o(.bss)
    .bss                                     0x20000130   Section       64  nrf24l01.o(.bss)
    .bss                                     0x20000170   Section      120  imu.o(.bss)
    .bss                                     0x200001e8   Section      640  filter.o(.bss)
    buf                                      0x200001e8   Data          80  filter.o(.bss)
    bufx                                     0x20000238   Data          80  filter.o(.bss)
    bufy                                     0x20000288   Data          80  filter.o(.bss)
    bufz                                     0x200002d8   Data          80  filter.o(.bss)
    buf                                      0x20000328   Data          80  filter.o(.bss)
    bufax                                    0x20000378   Data          80  filter.o(.bss)
    bufay                                    0x200003c8   Data          80  filter.o(.bss)
    bufaz                                    0x20000418   Data          80  filter.o(.bss)
    .bss                                     0x20000468   Section       50  paramsave.o(.bss)
    .bss                                     0x2000049c   Section      384  control.o(.bss)
    .bss                                     0x2000061c   Section      109  ano_dt.o(.bss)
    RxBuffer                                 0x20000657   Data          50  ano_dt.o(.bss)
    STACK                                    0x20000690   Section     1024  startup_stm32f411xe.o(STACK)

    Global Symbols

    Symbol Name                              Value     Ov Type        Size  Object(Section)

    BuildAttributes$$THM_ISAv4$E$P$D$K$B$S$7EM$VFPi3$EXTD16$VFPS$VFMA$PE$A:L22UL41UL21$X:L11$S22US41US21$IEEE1$IW$USESV6$~STKCKD$USESV7$~SHL$OTIME$ROPI$IEEEX$EBA8$MICROLIB$REQ8$PRES8$EABIv2 0x00000000   Number         0  anon$$obj.o ABSOLUTE
    __ARM_use_no_argv                        0x00000000   Number         0  main.o ABSOLUTE
    _printf_a                                0x00000000   Number         0  stubs.o ABSOLUTE
    _printf_c                                0x00000000   Number         0  stubs.o ABSOLUTE
    _printf_charcount                        0x00000000   Number         0  stubs.o ABSOLUTE
    _printf_d                                0x00000000   Number         0  stubs.o ABSOLUTE
    _printf_e                                0x00000000   Number         0  stubs.o ABSOLUTE
    _printf_f                                0x00000000   Number         0  stubs.o ABSOLUTE
    _printf_flags                            0x00000000   Number         0  stubs.o ABSOLUTE
    _printf_fp_dec                           0x00000000   Number         0  stubs.o ABSOLUTE
    _printf_fp_hex                           0x00000000   Number         0  stubs.o ABSOLUTE
    _printf_g                                0x00000000   Number         0  stubs.o ABSOLUTE
    _printf_i                                0x00000000   Number         0  stubs.o ABSOLUTE
    _printf_int_dec                          0x00000000   Number         0  stubs.o ABSOLUTE
    _printf_l                                0x00000000   Number         0  stubs.o ABSOLUTE
    _printf_lc                               0x00000000   Number         0  stubs.o ABSOLUTE
    _printf_ll                               0x00000000   Number         0  stubs.o ABSOLUTE
    _printf_lld                              0x00000000   Number         0  stubs.o ABSOLUTE
    _printf_lli                              0x00000000   Number         0  stubs.o ABSOLUTE
    _printf_llo                              0x00000000   Number         0  stubs.o ABSOLUTE
    _printf_llu                              0x00000000   Number         0  stubs.o ABSOLUTE
    _printf_llx                              0x00000000   Number         0  stubs.o ABSOLUTE
    _printf_longlong_dec                     0x00000000   Number         0  stubs.o ABSOLUTE
    _printf_longlong_hex                     0x00000000   Number         0  stubs.o ABSOLUTE
    _printf_longlong_oct                     0x00000000   Number         0  stubs.o ABSOLUTE
    _printf_ls                               0x00000000   Number         0  stubs.o ABSOLUTE
    _printf_mbtowc                           0x00000000   Number         0  stubs.o ABSOLUTE
    _printf_n                                0x00000000   Number         0  stubs.o ABSOLUTE
    _printf_o                                0x00000000   Number         0  stubs.o ABSOLUTE
    _printf_p                                0x00000000   Number         0  stubs.o ABSOLUTE
    _printf_percent                          0x00000000   Number         0  stubs.o ABSOLUTE
    _printf_pre_padding                      0x00000000   Number         0  stubs.o ABSOLUTE
    _printf_return_value                     0x00000000   Number         0  stubs.o ABSOLUTE
    _printf_s                                0x00000000   Number         0  stubs.o ABSOLUTE
    _printf_sizespec                         0x00000000   Number         0  stubs.o ABSOLUTE
    _printf_str                              0x00000000   Number         0  stubs.o ABSOLUTE
    _printf_truncate_signed                  0x00000000   Number         0  stubs.o ABSOLUTE
    _printf_truncate_unsigned                0x00000000   Number         0  stubs.o ABSOLUTE
    _printf_u                                0x00000000   Number         0  stubs.o ABSOLUTE
    _printf_wc                               0x00000000   Number         0  stubs.o ABSOLUTE
    _printf_wctomb                           0x00000000   Number         0  stubs.o ABSOLUTE
    _printf_widthprec                        0x00000000   Number         0  stubs.o ABSOLUTE
    _printf_x                                0x00000000   Number         0  stubs.o ABSOLUTE
    __cpp_initialize__aeabi_                  - Undefined Weak Reference
    __cxa_finalize                            - Undefined Weak Reference
    __decompress                              - Undefined Weak Reference
    _clock_init                               - Undefined Weak Reference
    _microlib_exit                            - Undefined Weak Reference
    __Vectors_Size                           0x00000198   Number         0  startup_stm32f411xe.o ABSOLUTE
    __Vectors                                0x08000000   Data           4  startup_stm32f411xe.o(RESET)
    __Vectors_End                            0x08000198   Data           0  startup_stm32f411xe.o(RESET)
    __main                                   0x08000199   Thumb Code     0  entry.o(.ARM.Collect$$$$00000000)
    _main_stk                                0x08000199   Thumb Code     0  entry2.o(.ARM.Collect$$$$00000001)
    _main_scatterload                        0x0800019d   Thumb Code     0  entry5.o(.ARM.Collect$$$$00000004)
    __main_after_scatterload                 0x080001a1   Thumb Code     0  entry5.o(.ARM.Collect$$$$00000004)
    _main_clock                              0x080001a1   Thumb Code     0  entry7b.o(.ARM.Collect$$$$00000008)
    _main_cpp_init                           0x080001a1   Thumb Code     0  entry8b.o(.ARM.Collect$$$$0000000A)
    _main_init                               0x080001a1   Thumb Code     0  entry9a.o(.ARM.Collect$$$$0000000B)
    __rt_final_cpp                           0x080001a9   Thumb Code     0  entry10a.o(.ARM.Collect$$$$0000000D)
    __rt_final_exit                          0x080001a9   Thumb Code     0  entry11a.o(.ARM.Collect$$$$0000000F)
    Reset_Handler                            0x080001ad   Thumb Code     8  startup_stm32f411xe.o(.text)
    ADC_IRQHandler                           0x080001c7   Thumb Code     0  startup_stm32f411xe.o(.text)
    DMA1_Stream0_IRQHandler                  0x080001c7   Thumb Code     0  startup_stm32f411xe.o(.text)
    DMA1_Stream1_IRQHandler                  0x080001c7   Thumb Code     0  startup_stm32f411xe.o(.text)
    DMA1_Stream2_IRQHandler                  0x080001c7   Thumb Code     0  startup_stm32f411xe.o(.text)
    DMA1_Stream3_IRQHandler                  0x080001c7   Thumb Code     0  startup_stm32f411xe.o(.text)
    DMA1_Stream4_IRQHandler                  0x080001c7   Thumb Code     0  startup_stm32f411xe.o(.text)
    DMA1_Stream5_IRQHandler                  0x080001c7   Thumb Code     0  startup_stm32f411xe.o(.text)
    DMA1_Stream6_IRQHandler                  0x080001c7   Thumb Code     0  startup_stm32f411xe.o(.text)
    DMA1_Stream7_IRQHandler                  0x080001c7   Thumb Code     0  startup_stm32f411xe.o(.text)
    DMA2_Stream0_IRQHandler                  0x080001c7   Thumb Code     0  startup_stm32f411xe.o(.text)
    DMA2_Stream1_IRQHandler                  0x080001c7   Thumb Code     0  startup_stm32f411xe.o(.text)
    DMA2_Stream2_IRQHandler                  0x080001c7   Thumb Code     0  startup_stm32f411xe.o(.text)
    DMA2_Stream3_IRQHandler                  0x080001c7   Thumb Code     0  startup_stm32f411xe.o(.text)
    DMA2_Stream4_IRQHandler                  0x080001c7   Thumb Code     0  startup_stm32f411xe.o(.text)
    DMA2_Stream5_IRQHandler                  0x080001c7   Thumb Code     0  startup_stm32f411xe.o(.text)
    DMA2_Stream6_IRQHandler                  0x080001c7   Thumb Code     0  startup_stm32f411xe.o(.text)
    DMA2_Stream7_IRQHandler                  0x080001c7   Thumb Code     0  startup_stm32f411xe.o(.text)
    EXTI0_IRQHandler                         0x080001c7   Thumb Code     0  startup_stm32f411xe.o(.text)
    EXTI15_10_IRQHandler                     0x080001c7   Thumb Code     0  startup_stm32f411xe.o(.text)
    EXTI1_IRQHandler                         0x080001c7   Thumb Code     0  startup_stm32f411xe.o(.text)
    EXTI3_IRQHandler                         0x080001c7   Thumb Code     0  startup_stm32f411xe.o(.text)
    EXTI4_IRQHandler                         0x080001c7   Thumb Code     0  startup_stm32f411xe.o(.text)
    EXTI9_5_IRQHandler                       0x080001c7   Thumb Code     0  startup_stm32f411xe.o(.text)
    FLASH_IRQHandler                         0x080001c7   Thumb Code     0  startup_stm32f411xe.o(.text)
    FPU_IRQHandler                           0x080001c7   Thumb Code     0  startup_stm32f411xe.o(.text)
    I2C1_ER_IRQHandler                       0x080001c7   Thumb Code     0  startup_stm32f411xe.o(.text)
    I2C1_EV_IRQHandler                       0x080001c7   Thumb Code     0  startup_stm32f411xe.o(.text)
    I2C2_ER_IRQHandler                       0x080001c7   Thumb Code     0  startup_stm32f411xe.o(.text)
    I2C2_EV_IRQHandler                       0x080001c7   Thumb Code     0  startup_stm32f411xe.o(.text)
    I2C3_ER_IRQHandler                       0x080001c7   Thumb Code     0  startup_stm32f411xe.o(.text)
    I2C3_EV_IRQHandler                       0x080001c7   Thumb Code     0  startup_stm32f411xe.o(.text)
    OTG_FS_IRQHandler                        0x080001c7   Thumb Code     0  startup_stm32f411xe.o(.text)
    OTG_FS_WKUP_IRQHandler                   0x080001c7   Thumb Code     0  startup_stm32f411xe.o(.text)
    PVD_IRQHandler                           0x080001c7   Thumb Code     0  startup_stm32f411xe.o(.text)
    RCC_IRQHandler                           0x080001c7   Thumb Code     0  startup_stm32f411xe.o(.text)
    RTC_Alarm_IRQHandler                     0x080001c7   Thumb Code     0  startup_stm32f411xe.o(.text)
    RTC_WKUP_IRQHandler                      0x080001c7   Thumb Code     0  startup_stm32f411xe.o(.text)
    SDIO_IRQHandler                          0x080001c7   Thumb Code     0  startup_stm32f411xe.o(.text)
    SPI1_IRQHandler                          0x080001c7   Thumb Code     0  startup_stm32f411xe.o(.text)
    SPI2_IRQHandler                          0x080001c7   Thumb Code     0  startup_stm32f411xe.o(.text)
    SPI3_IRQHandler                          0x080001c7   Thumb Code     0  startup_stm32f411xe.o(.text)
    SPI4_IRQHandler                          0x080001c7   Thumb Code     0  startup_stm32f411xe.o(.text)
    SPI5_IRQHandler                          0x080001c7   Thumb Code     0  startup_stm32f411xe.o(.text)
    TAMP_STAMP_IRQHandler                    0x080001c7   Thumb Code     0  startup_stm32f411xe.o(.text)
    TIM1_BRK_TIM9_IRQHandler                 0x080001c7   Thumb Code     0  startup_stm32f411xe.o(.text)
    TIM1_CC_IRQHandler                       0x080001c7   Thumb Code     0  startup_stm32f411xe.o(.text)
    TIM1_TRG_COM_TIM11_IRQHandler            0x080001c7   Thumb Code     0  startup_stm32f411xe.o(.text)
    TIM1_UP_TIM10_IRQHandler                 0x080001c7   Thumb Code     0  startup_stm32f411xe.o(.text)
    TIM2_IRQHandler                          0x080001c7   Thumb Code     0  startup_stm32f411xe.o(.text)
    TIM3_IRQHandler                          0x080001c7   Thumb Code     0  startup_stm32f411xe.o(.text)
    TIM5_IRQHandler                          0x080001c7   Thumb Code     0  startup_stm32f411xe.o(.text)
    USART6_IRQHandler                        0x080001c7   Thumb Code     0  startup_stm32f411xe.o(.text)
    WWDG_IRQHandler                          0x080001c7   Thumb Code     0  startup_stm32f411xe.o(.text)
    rand                                     0x080001d1   Thumb Code    20  rand.o(.text)
    srand                                    0x080001e5   Thumb Code     6  rand.o(.text)
    __aeabi_memcpy                           0x080001f5   Thumb Code    36  memcpya.o(.text)
    __aeabi_memcpy4                          0x080001f5   Thumb Code     0  memcpya.o(.text)
    __aeabi_memcpy8                          0x080001f5   Thumb Code     0  memcpya.o(.text)
    __aeabi_dmul                             0x08000219   Thumb Code   228  dmul.o(.text)
    __aeabi_ddiv                             0x080002fd   Thumb Code   222  ddiv.o(.text)
    __aeabi_i2d                              0x080003db   Thumb Code    34  dflti.o(.text)
    __aeabi_d2uiz                            0x080003fd   Thumb Code    50  dfixui.o(.text)
    __aeabi_f2d                              0x0800042f   Thumb Code    38  f2d.o(.text)
    __aeabi_cdcmpeq                          0x08000455   Thumb Code     0  cdcmple.o(.text)
    __aeabi_cdcmple                          0x08000455   Thumb Code    48  cdcmple.o(.text)
    __aeabi_cdrcmple                         0x08000485   Thumb Code    48  cdrcmple.o(.text)
    __aeabi_d2f                              0x080004b5   Thumb Code    56  d2f.o(.text)
    __aeabi_uidiv                            0x080004ed   Thumb Code     0  uidiv.o(.text)
    __aeabi_uidivmod                         0x080004ed   Thumb Code    44  uidiv.o(.text)
    __aeabi_uldivmod                         0x08000519   Thumb Code    98  uldiv.o(.text)
    __aeabi_llsr                             0x0800057b   Thumb Code    32  llushr.o(.text)
    _ll_ushift_r                             0x0800057b   Thumb Code     0  llushr.o(.text)
    __I$use$fp                               0x0800059b   Thumb Code     0  iusefp.o(.text)
    _float_round                             0x0800059b   Thumb Code    18  fepilogue.o(.text)
    _float_epilogue                          0x080005ad   Thumb Code    92  fepilogue.o(.text)
    _double_round                            0x08000609   Thumb Code    30  depilogue.o(.text)
    _double_epilogue                         0x08000627   Thumb Code   156  depilogue.o(.text)
    __aeabi_dadd                             0x080006c3   Thumb Code   322  dadd.o(.text)
    __aeabi_dsub                             0x08000805   Thumb Code     6  dadd.o(.text)
    __aeabi_drsub                            0x0800080b   Thumb Code     6  dadd.o(.text)
    __aeabi_d2ulz                            0x08000811   Thumb Code    48  dfixul.o(.text)
    __scatterload                            0x08000841   Thumb Code    28  init.o(.text)
    __scatterload_rt2                        0x08000841   Thumb Code     0  init.o(.text)
    __aeabi_llsl                             0x08000865   Thumb Code    30  llshl.o(.text)
    _ll_shift_l                              0x08000865   Thumb Code     0  llshl.o(.text)
    __aeabi_lasr                             0x08000883   Thumb Code    36  llsshr.o(.text)
    _ll_sshift_r                             0x08000883   Thumb Code     0  llsshr.o(.text)
    _dsqrt                                   0x080008a7   Thumb Code   162  dsqrt.o(.text)
    ADC_Cmd                                  0x08000949   Thumb Code    22  stm32f4xx_adc.o(i.ADC_Cmd)
    ADC_CommonInit                           0x08000961   Thumb Code    34  stm32f4xx_adc.o(i.ADC_CommonInit)
    ADC_GetConversionValue                   0x08000991   Thumb Code     8  stm32f4xx_adc.o(i.ADC_GetConversionValue)
    ADC_GetFlagStatus                        0x08000999   Thumb Code    18  stm32f4xx_adc.o(i.ADC_GetFlagStatus)
    ADC_Init                                 0x080009ad   Thumb Code    74  stm32f4xx_adc.o(i.ADC_Init)
    ADC_RegularChannelConfig                 0x08000a01   Thumb Code   184  stm32f4xx_adc.o(i.ADC_RegularChannelConfig)
    ADC_SoftwareStartConv                    0x08000ab9   Thumb Code    10  stm32f4xx_adc.o(i.ADC_SoftwareStartConv)
    ANO_DT_Data_Exchange                     0x08000ac5   Thumb Code   838  ano_dt.o(i.ANO_DT_Data_Exchange)
    ANO_DT_Data_Receive_Anl                  0x08000e75   Thumb Code  1194  ano_dt.o(i.ANO_DT_Data_Receive_Anl)
    ANO_DT_Data_Receive_Prepare              0x08001321   Thumb Code   216  ano_dt.o(i.ANO_DT_Data_Receive_Prepare)
    ANO_DT_Send_Data                         0x08001451   Thumb Code    16  ano_dt.o(i.ANO_DT_Send_Data)
    ANO_DT_Send_PID                          0x08001461   Thumb Code   562  ano_dt.o(i.ANO_DT_Send_PID)
    ANO_DT_Send_Power                        0x0800169d   Thumb Code   142  ano_dt.o(i.ANO_DT_Send_Power)
    ANO_DT_Send_Senser                       0x08001731   Thumb Code   374  ano_dt.o(i.ANO_DT_Send_Senser)
    ANO_DT_Send_Status                       0x080018ad   Thumb Code   336  ano_dt.o(i.ANO_DT_Send_Status)
    Aver_Filter                              0x08001a05   Thumb Code   122  filter.o(i.Aver_Filter)
    BAT_GetAdc                               0x08001a91   Thumb Code    44  power.o(i.BAT_GetAdc)
    BAT_GetVoltage                           0x08001ac1   Thumb Code   144  power.o(i.BAT_GetVoltage)
    BAT_Init                                 0x08001b81   Thumb Code   170  power.o(i.BAT_Init)
    BAT_LowVoltageAlarm                      0x08001c35   Thumb Code   146  power.o(i.BAT_LowVoltageAlarm)
    BusFault_Handler                         0x08001ce5   Thumb Code     4  stm32f4xx_it.o(i.BusFault_Handler)
    Button_command                           0x08001ce9   Thumb Code   210  remotedata.o(i.Button_command)
    Control                                  0x08001dd1   Thumb Code   720  control.o(i.Control)
    DebugMon_Handler                         0x080020e9   Thumb Code     2  stm32f4xx_it.o(i.DebugMon_Handler)
    DefaultParams                            0x080020ed   Thumb Code   106  paramsave.o(i.DefaultParams)
    DefaultParams_WriteFlash                 0x0800215d   Thumb Code    50  paramsave.o(i.DefaultParams_WriteFlash)
    EXTI2_IRQHandler                         0x08002199   Thumb Code   114  nrf24l01.o(i.EXTI2_IRQHandler)
    EXTIT_Init                               0x08002215   Thumb Code    64  exti.o(i.EXTIT_Init)
    EXTI_ClearITPendingBit                   0x08002255   Thumb Code     6  stm32f4xx_exti.o(i.EXTI_ClearITPendingBit)
    EXTI_DeInit                              0x08002261   Thumb Code    28  stm32f4xx_exti.o(i.EXTI_DeInit)
    EXTI_GPIO_Config                         0x08002285   Thumb Code    42  exti.o(i.EXTI_GPIO_Config)
    EXTI_GetITStatus                         0x080022b5   Thumb Code    20  stm32f4xx_exti.o(i.EXTI_GetITStatus)
    EXTI_Init                                0x080022cd   Thumb Code   142  stm32f4xx_exti.o(i.EXTI_Init)
    FLASH_DataCacheCmd                       0x08002361   Thumb Code    30  stm32f4xx_flash.o(i.FLASH_DataCacheCmd)
    FLASH_EraseSector                        0x08002385   Thumb Code   130  stm32f4xx_flash.o(i.FLASH_EraseSector)
    FLASH_GetStatus                          0x0800240d   Thumb Code    80  stm32f4xx_flash.o(i.FLASH_GetStatus)
    FLASH_Lock                               0x08002461   Thumb Code    14  stm32f4xx_flash.o(i.FLASH_Lock)
    FLASH_ProgramWord                        0x08002475   Thumb Code    74  stm32f4xx_flash.o(i.FLASH_ProgramWord)
    FLASH_Unlock                             0x080024c5   Thumb Code    24  stm32f4xx_flash.o(i.FLASH_Unlock)
    FLASH_WaitForLastOperation               0x080024e9   Thumb Code    34  stm32f4xx_flash.o(i.FLASH_WaitForLastOperation)
    FindPos                                  0x0800250b   Thumb Code   120  filter.o(i.FindPos)
    GPIO_Init                                0x08002583   Thumb Code   144  stm32f4xx_gpio.o(i.GPIO_Init)
    GPIO_PinAFConfig                         0x08002613   Thumb Code    70  stm32f4xx_gpio.o(i.GPIO_PinAFConfig)
    GPIO_ResetBits                           0x08002659   Thumb Code     4  stm32f4xx_gpio.o(i.GPIO_ResetBits)
    GPIO_SetBits                             0x0800265d   Thumb Code     4  stm32f4xx_gpio.o(i.GPIO_SetBits)
    HardFault_Handler                        0x08002661   Thumb Code     4  stm32f4xx_it.o(i.HardFault_Handler)
    IIC_Ack                                  0x08002665   Thumb Code   188  iic.o(i.IIC_Ack)
    IIC_Init                                 0x0800273d   Thumb Code    88  iic.o(i.IIC_Init)
    IIC_NAck                                 0x08002799   Thumb Code   188  iic.o(i.IIC_NAck)
    IIC_ReadByte                             0x08002871   Thumb Code   220  iic.o(i.IIC_ReadByte)
    IIC_ReadLengthBytes                      0x08002969   Thumb Code   124  iic.o(i.IIC_ReadLengthBytes)
    IIC_ReadOneByte                          0x080029e5   Thumb Code    84  iic.o(i.IIC_ReadOneByte)
    IIC_SendByte                             0x08002a39   Thumb Code   226  iic.o(i.IIC_SendByte)
    IIC_Start                                0x08002b39   Thumb Code   204  iic.o(i.IIC_Start)
    IIC_Stop                                 0x08002c21   Thumb Code   200  iic.o(i.IIC_Stop)
    IIC_WaitAck                              0x08002d05   Thumb Code   208  iic.o(i.IIC_WaitAck)
    IIC_WriteOneByte                         0x08002df1   Thumb Code    76  iic.o(i.IIC_WriteOneByte)
    IMUupdate                                0x08002e3d   Thumb Code  1432  imu.o(i.IMUupdate)
    LED_Init                                 0x080033e1   Thumb Code    56  led.o(i.LED_Init)
    LED_Run                                  0x0800341d   Thumb Code    42  led.o(i.LED_Run)
    MOTOR_Init                               0x08003451   Thumb Code   150  motor.o(i.MOTOR_Init)
    MPU9250_Check                            0x080034ed   Thumb Code    24  mpu9250.o(i.MPU9250_Check)
    MPU9250_Init                             0x08003521   Thumb Code    86  mpu9250.o(i.MPU9250_Init)
    MPU9250_Read                             0x08003579   Thumb Code    14  mpu9250.o(i.MPU9250_Read)
    MPU9250_ReadByte                         0x0800358d   Thumb Code    26  mpu9250.o(i.MPU9250_ReadByte)
    MPU9250_ReadLengthBytes                  0x080035a7   Thumb Code    30  mpu9250.o(i.MPU9250_ReadLengthBytes)
    MPU9250_TestConnection                   0x080035c5   Thumb Code    18  mpu9250.o(i.MPU9250_TestConnection)
    MPU9250_WriteByte                        0x080035d7   Thumb Code    26  mpu9250.o(i.MPU9250_WriteByte)
    MPU9250_ZeroDriftCalib                   0x080035f1   Thumb Code   176  mpu9250.o(i.MPU9250_ZeroDriftCalib)
    MPU9250_ZeroDriftRemoval                 0x080036b1   Thumb Code   274  mpu9250.o(i.MPU9250_ZeroDriftRemoval)
    MPU9250_getDeviceID                      0x080037dd   Thumb Code    16  mpu9250.o(i.MPU9250_getDeviceID)
    MemManage_Handler                        0x080037ed   Thumb Code     4  stm32f4xx_it.o(i.MemManage_Handler)
    Motor_Pwm                                0x080037f1   Thumb Code    84  motor.o(i.Motor_Pwm)
    NMI_Handler                              0x08003849   Thumb Code     2  stm32f4xx_it.o(i.NMI_Handler)
    NRF24L01_Check                           0x0800384d   Thumb Code    24  nrf24l01.o(i.NRF24L01_Check)
    NRF24L01_Config                          0x08003881   Thumb Code   110  nrf24l01.o(i.NRF24L01_Config)
    NRF24L01_Init                            0x08003901   Thumb Code   102  nrf24l01.o(i.NRF24L01_Init)
    NRF24L01_ReadBuf                         0x08003979   Thumb Code    56  nrf24l01.o(i.NRF24L01_ReadBuf)
    NRF24L01_ReadReg                         0x080039b5   Thumb Code    36  nrf24l01.o(i.NRF24L01_ReadReg)
    NRF24L01_RxPacket                        0x080039e1   Thumb Code    38  nrf24l01.o(i.NRF24L01_RxPacket)
    NRF24L01_TestConnection                  0x08003a11   Thumb Code    66  nrf24l01.o(i.NRF24L01_TestConnection)
    NRF24L01_TxPacket                        0x08003a5d   Thumb Code    72  nrf24l01.o(i.NRF24L01_TxPacket)
    NRF24L01_WriteBuf                        0x08003ab1   Thumb Code    54  nrf24l01.o(i.NRF24L01_WriteBuf)
    NRF24L01_WriteReg                        0x08003aed   Thumb Code    38  nrf24l01.o(i.NRF24L01_WriteReg)
    NRF_GetAddr                              0x08003b1d   Thumb Code    74  nrf24l01.o(i.NRF_GetAddr)
    NRF_SetMode                              0x08003b75   Thumb Code    78  nrf24l01.o(i.NRF_SetMode)
    NRF_SingalCheck                          0x08003bcd   Thumb Code    62  remotedata.o(i.NRF_SingalCheck)
    NVIC_Config                              0x08003c21   Thumb Code   124  nvic.o(i.NVIC_Config)
    NVIC_Init                                0x08003c9d   Thumb Code   106  misc.o(i.NVIC_Init)
    NVIC_PriorityGroupConfig                 0x08003d15   Thumb Code    10  misc.o(i.NVIC_PriorityGroupConfig)
    PID_Postion_Cal                          0x08003d29   Thumb Code   272  pid.o(i.PID_Postion_Cal)
    PID_ReadFlash                            0x08003e45   Thumb Code    82  paramsave.o(i.PID_ReadFlash)
    PID_WriteFlash                           0x08003ea1   Thumb Code    50  paramsave.o(i.PID_WriteFlash)
    ParamsToTable                            0x08003edd   Thumb Code   478  paramsave.o(i.ParamsToTable)
    PendSV_Handler                           0x080040e9   Thumb Code     2  stm32f4xx_it.o(i.PendSV_Handler)
    PidParameter_init                        0x080040ed   Thumb Code   158  pid.o(i.PidParameter_init)
    Prepare_Data                             0x080041c1   Thumb Code   322  imu.o(i.Prepare_Data)
    QuickSort                                0x08004331   Thumb Code    52  filter.o(i.QuickSort)
    RCC_AHB1PeriphClockCmd                   0x08004365   Thumb Code    26  stm32f4xx_rcc.o(i.RCC_AHB1PeriphClockCmd)
    RCC_APB1PeriphClockCmd                   0x08004385   Thumb Code    26  stm32f4xx_rcc.o(i.RCC_APB1PeriphClockCmd)
    RCC_APB2PeriphClockCmd                   0x080043a5   Thumb Code    26  stm32f4xx_rcc.o(i.RCC_APB2PeriphClockCmd)
    RCC_GetClocksFreq                        0x080043c5   Thumb Code   214  stm32f4xx_rcc.o(i.RCC_GetClocksFreq)
    RGB_ACC_Calib                            0x080044ad   Thumb Code    42  rgb.o(i.RGB_ACC_Calib)
    RGB_BAT_Alarm                            0x080044d9   Thumb Code    38  rgb.o(i.RGB_BAT_Alarm)
    RGB_Blue                                 0x08004509   Thumb Code    26  rgb.o(i.RGB_Blue)
    RGB_Cyan                                 0x08004523   Thumb Code    26  rgb.o(i.RGB_Cyan)
    RGB_Fly                                  0x0800453d   Thumb Code    42  rgb.o(i.RGB_Fly)
    RGB_GYRO_Calib                           0x08004567   Thumb Code    42  rgb.o(i.RGB_GYRO_Calib)
    RGB_Init                                 0x08004591   Thumb Code    48  rgb.o(i.RGB_Init)
    RGB_Magnet                               0x080045c5   Thumb Code    26  rgb.o(i.RGB_Magnet)
    RGB_Off                                  0x080045df   Thumb Code    26  rgb.o(i.RGB_Off)
    RGB_Rand                                 0x080045f9   Thumb Code    84  rgb.o(i.RGB_Rand)
    RGB_Red                                  0x0800464d   Thumb Code    26  rgb.o(i.RGB_Red)
    RGB_Set_Color                            0x08004667   Thumb Code    28  rgb.o(i.RGB_Set_Color)
    RGB_Write0                               0x08004685   Thumb Code    64  rgb.o(i.RGB_Write0)
    RGB_Write1                               0x080046c9   Thumb Code    66  rgb.o(i.RGB_Write1)
    RGB_Write_Byte                           0x08004711   Thumb Code    38  rgb.o(i.RGB_Write_Byte)
    RGB_Yellow                               0x08004737   Thumb Code    26  rgb.o(i.RGB_Yellow)
    Remote_Data_ReceiveAnalysis              0x08004751   Thumb Code   132  remotedata.o(i.Remote_Data_ReceiveAnalysis)
    SPI2_Init                                0x080047e5   Thumb Code   184  spi.o(i.SPI2_Init)
    SPI2_WriteReadByte                       0x080048a5   Thumb Code    78  spi.o(i.SPI2_WriteReadByte)
    SPI_Cmd                                  0x080048f9   Thumb Code    24  stm32f4xx_spi.o(i.SPI_Cmd)
    SPI_I2S_GetFlagStatus                    0x08004911   Thumb Code    18  stm32f4xx_spi.o(i.SPI_I2S_GetFlagStatus)
    SPI_I2S_ReceiveData                      0x08004923   Thumb Code     6  stm32f4xx_spi.o(i.SPI_I2S_ReceiveData)
    SPI_I2S_SendData                         0x08004929   Thumb Code     4  stm32f4xx_spi.o(i.SPI_I2S_SendData)
    SPI_Init                                 0x0800492d   Thumb Code    60  stm32f4xx_spi.o(i.SPI_Init)
    STMFLASH_GetFlashSector                  0x08004969   Thumb Code    76  stmflash.o(i.STMFLASH_GetFlashSector)
    STMFLASH_Read                            0x080049d1   Thumb Code    32  stmflash.o(i.STMFLASH_Read)
    STMFLASH_ReadWord                        0x080049f1   Thumb Code     6  stmflash.o(i.STMFLASH_ReadWord)
    STMFLASH_Write                           0x080049f9   Thumb Code   146  stmflash.o(i.STMFLASH_Write)
    SVC_Handler                              0x08004a91   Thumb Code     2  stm32f4xx_it.o(i.SVC_Handler)
    SYSCFG_EXTILineConfig                    0x08004a95   Thumb Code    60  stm32f4xx_syscfg.o(i.SYSCFG_EXTILineConfig)
    SendToRemote                             0x08004ad5   Thumb Code   246  remotedata.o(i.SendToRemote)
    SortAver_FilterXYZ                       0x08004cd1   Thumb Code   316  filter.o(i.SortAver_FilterXYZ)
    SysTick_CLKSourceConfig                  0x08004e25   Thumb Code    40  misc.o(i.SysTick_CLKSourceConfig)
    SysTick_Handler                          0x08004e4d   Thumb Code     2  stm32f4xx_it.o(i.SysTick_Handler)
    SystemInit                               0x08004e51   Thumb Code    88  system_stm32f4xx.o(i.SystemInit)
    TIM3_GPIOConfig                          0x08004eb9   Thumb Code   108  motor.o(i.TIM3_GPIOConfig)
    TIM4_IRQHandler                          0x08004f2d   Thumb Code   206  nvic.o(i.TIM4_IRQHandler)
    TIM4_Init                                0x08005031   Thumb Code    60  timer.o(i.TIM4_Init)
    TIM_ARRPreloadConfig                     0x08005071   Thumb Code    24  stm32f4xx_tim.o(i.TIM_ARRPreloadConfig)
    TIM_ClearITPendingBit                    0x08005089   Thumb Code     6  stm32f4xx_tim.o(i.TIM_ClearITPendingBit)
    TIM_Cmd                                  0x0800508f   Thumb Code    24  stm32f4xx_tim.o(i.TIM_Cmd)
    TIM_GetITStatus                          0x080050a7   Thumb Code    34  stm32f4xx_tim.o(i.TIM_GetITStatus)
    TIM_ITConfig                             0x080050c9   Thumb Code    18  stm32f4xx_tim.o(i.TIM_ITConfig)
    TIM_OC1Init                              0x080050dd   Thumb Code   114  stm32f4xx_tim.o(i.TIM_OC1Init)
    TIM_OC1PreloadConfig                     0x08005159   Thumb Code    18  stm32f4xx_tim.o(i.TIM_OC1PreloadConfig)
    TIM_OC2Init                              0x0800516d   Thumb Code   154  stm32f4xx_tim.o(i.TIM_OC2Init)
    TIM_OC2PreloadConfig                     0x08005211   Thumb Code    26  stm32f4xx_tim.o(i.TIM_OC2PreloadConfig)
    TIM_OC3Init                              0x0800522d   Thumb Code   150  stm32f4xx_tim.o(i.TIM_OC3Init)
    TIM_OC3PreloadConfig                     0x080052cd   Thumb Code    18  stm32f4xx_tim.o(i.TIM_OC3PreloadConfig)
    TIM_OC4Init                              0x080052e1   Thumb Code   112  stm32f4xx_tim.o(i.TIM_OC4Init)
    TIM_OC4PreloadConfig                     0x08005359   Thumb Code    26  stm32f4xx_tim.o(i.TIM_OC4PreloadConfig)
    TIM_TimeBaseInit                         0x08005375   Thumb Code   104  stm32f4xx_tim.o(i.TIM_TimeBaseInit)
    TableToParams                            0x080053f9   Thumb Code   532  paramsave.o(i.TableToParams)
    USART1_GPIO_Config                       0x08005639   Thumb Code    94  usart.o(i.USART1_GPIO_Config)
    USART1_IRQHandler                        0x0800569d   Thumb Code    66  nvic.o(i.USART1_IRQHandler)
    USART1_Init                              0x080056e5   Thumb Code    84  usart.o(i.USART1_Init)
    USART2_IRQHandler                        0x0800573d   Thumb Code   106  nvic.o(i.USART2_IRQHandler)
    USART_ClearITPendingBit                  0x080057b5   Thumb Code    30  stm32f4xx_usart.o(i.USART_ClearITPendingBit)
    USART_Cmd                                0x080057d3   Thumb Code    24  stm32f4xx_usart.o(i.USART_Cmd)
    USART_GetFlagStatus                      0x080057eb   Thumb Code    26  stm32f4xx_usart.o(i.USART_GetFlagStatus)
    USART_GetITStatus                        0x08005805   Thumb Code    84  stm32f4xx_usart.o(i.USART_GetITStatus)
    USART_ITConfig                           0x08005859   Thumb Code    74  stm32f4xx_usart.o(i.USART_ITConfig)
    USART_Init                               0x080058a5   Thumb Code   204  stm32f4xx_usart.o(i.USART_Init)
    USART_Send                               0x08005979   Thumb Code    42  usart.o(i.USART_Send)
    USART_SendData                           0x080059a9   Thumb Code     8  stm32f4xx_usart.o(i.USART_SendData)
    UnControl_Land                           0x080059b1   Thumb Code    28  remotedata.o(i.UnControl_Land)
    UsageFault_Handler                       0x080059d1   Thumb Code     4  stm32f4xx_it.o(i.UsageFault_Handler)
    WiFi_Data_ReceiveAnalysis                0x080059d5   Thumb Code   214  remotedata.o(i.WiFi_Data_ReceiveAnalysis)
    WiFi_Switch                              0x08005ac1   Thumb Code    42  power.o(i.WiFi_Switch)
    Yaw_Carefree                             0x08005af1   Thumb Code   146  control.o(i.Yaw_Carefree)
    __0printf                                0x08005b8d   Thumb Code    22  printfa.o(i.__0printf)
    __1printf                                0x08005b8d   Thumb Code     0  printfa.o(i.__0printf)
    __2printf                                0x08005b8d   Thumb Code     0  printfa.o(i.__0printf)
    __c89printf                              0x08005b8d   Thumb Code     0  printfa.o(i.__0printf)
    printf                                   0x08005b8d   Thumb Code     0  printfa.o(i.__0printf)
    __ARM_fpclassify                         0x08005bad   Thumb Code    48  fpclassify.o(i.__ARM_fpclassify)
    __ARM_fpclassifyf                        0x08005bdd   Thumb Code    38  fpclassifyf.o(i.__ARM_fpclassifyf)
    __hardfp_asin                            0x08005c09   Thumb Code   770  asin.o(i.__hardfp_asin)
    __hardfp_atan                            0x08005f69   Thumb Code   622  atan.o(i.__hardfp_atan)
    __hardfp_atan2                           0x08006241   Thumb Code   432  atan2.o(i.__hardfp_atan2)
    __hardfp_cosf                            0x08006431   Thumb Code   280  cosf.o(i.__hardfp_cosf)
    __hardfp_fabs                            0x08006581   Thumb Code    20  fabs.o(i.__hardfp_fabs)
    __hardfp_log                             0x08006599   Thumb Code   872  log.o(i.__hardfp_log)
    __hardfp_sinf                            0x0800695d   Thumb Code   344  sinf.o(i.__hardfp_sinf)
    __kernel_poly                            0x08006aed   Thumb Code   248  poly.o(i.__kernel_poly)
    __mathlib_dbl_divzero                    0x08006be9   Thumb Code    28  dunder.o(i.__mathlib_dbl_divzero)
    __mathlib_dbl_infnan                     0x08006c19   Thumb Code    20  dunder.o(i.__mathlib_dbl_infnan)
    __mathlib_dbl_infnan2                    0x08006c2d   Thumb Code    20  dunder.o(i.__mathlib_dbl_infnan2)
    __mathlib_dbl_invalid                    0x08006c41   Thumb Code    24  dunder.o(i.__mathlib_dbl_invalid)
    __mathlib_dbl_underflow                  0x08006c61   Thumb Code    24  dunder.o(i.__mathlib_dbl_underflow)
    __mathlib_flt_infnan                     0x08006c81   Thumb Code     6  funder.o(i.__mathlib_flt_infnan)
    __mathlib_flt_invalid                    0x08006c89   Thumb Code    10  funder.o(i.__mathlib_flt_invalid)
    __mathlib_flt_underflow                  0x08006c99   Thumb Code    10  funder.o(i.__mathlib_flt_underflow)
    __mathlib_rredf2                         0x08006ca9   Thumb Code   316  rredf.o(i.__mathlib_rredf2)
    __scatterload_copy                       0x08006dfd   Thumb Code    14  handlers.o(i.__scatterload_copy)
    __scatterload_null                       0x08006e0b   Thumb Code     2  handlers.o(i.__scatterload_null)
    __scatterload_zeroinit                   0x08006e0d   Thumb Code    14  handlers.o(i.__scatterload_zeroinit)
    __set_errno                              0x08006e1d   Thumb Code     6  errno.o(i.__set_errno)
    atan                                     0x080076bb   Thumb Code    16  atan.o(i.atan)
    delay_Init                               0x080076cd   Thumb Code    54  delay.o(i.delay_Init)
    delay_ms                                 0x08007715   Thumb Code    66  delay.o(i.delay_ms)
    delay_us                                 0x0800775d   Thumb Code    66  delay.o(i.delay_us)
    fabs                                     0x080077a5   Thumb Code    24  fabs.o(i.fabs)
    fputc                                    0x080077bd   Thumb Code    32  usart.o(i.fputc)
    main                                     0x0800781d   Thumb Code   210  main.o(i.main)
    sqrt                                     0x08007921   Thumb Code   110  sqrt.o(i.sqrt)
    __mathlib_zero                           0x08007ad8   Data           8  qnan.o(.constdata)
    Region$$Table$$Base                      0x08007b00   Number         0  anon$$obj.o(Region$$Table)
    Region$$Table$$Limit                     0x08007b20   Number         0  anon$$obj.o(Region$$Table)
    SystemCoreClock                          0x20000000   Data           4  system_stm32f4xx.o(.data)
    AHBPrescTable                            0x20000004   Data          16  system_stm32f4xx.o(.data)
    Run_flag                                 0x2000002d   Data           1  rgb.o(.data)
    LED_Scan                                 0x20000032   Data           1  nvic.o(.data)
    IMU_Scan                                 0x20000033   Data           1  nvic.o(.data)
    MPU_Scan                                 0x20000034   Data           1  nvic.o(.data)
    IRQ_Scan                                 0x20000035   Data           1  nvic.o(.data)
    BAT_Scan                                 0x20000036   Data           1  nvic.o(.data)
    ANO_Scan                                 0x20000037   Data           1  nvic.o(.data)
    GYRO_OFFSET_RAW                          0x20000048   Data           6  mpu9250.o(.data)
    ACC_OFFSET_RAW                           0x2000004e   Data           6  mpu9250.o(.data)
    MPU9250_ACC_RAW                          0x20000054   Data           6  mpu9250.o(.data)
    MPU9250_GYRO_RAW                         0x2000005a   Data           6  mpu9250.o(.data)
    SENSOR_OFFSET_FLAG                       0x20000060   Data           1  mpu9250.o(.data)
    NRFAddr                                  0x20000072   Data           1  nrf24l01.o(.data)
    TX_ADDRESS                               0x20000073   Data           5  nrf24l01.o(.data)
    RX_ADDRESS                               0x20000078   Data           5  nrf24l01.o(.data)
    BAT                                      0x20000080   Data          20  power.o(.data)
    RGB_BATflag                              0x20000094   Data           1  power.o(.data)
    AccbUpdate                               0x20000098   Data           1  imu.o(.data)
    q0                                       0x2000009c   Data           4  imu.o(.data)
    q1                                       0x200000a0   Data           4  imu.o(.data)
    q2                                       0x200000a4   Data           4  imu.o(.data)
    q3                                       0x200000a8   Data           4  imu.o(.data)
    exInt                                    0x200000ac   Data           4  imu.o(.data)
    eyInt                                    0x200000b0   Data           4  imu.o(.data)
    ezInt                                    0x200000b4   Data           4  imu.o(.data)
    Pre_THROTTLE                             0x200000c4   Data           4  control.o(.data)
    THROTTLE                                 0x200000c8   Data           4  control.o(.data)
    Motor_PWM_1                              0x200000cc   Data           4  control.o(.data)
    Motor_PWM_2                              0x200000d0   Data           4  control.o(.data)
    Motor_PWM_3                              0x200000d4   Data           4  control.o(.data)
    Motor_PWM_4                              0x200000d8   Data           4  control.o(.data)
    WiFi_Controlflag                         0x200000dc   Data           1  control.o(.data)
    Airplane_Enable                          0x200000dd   Data           1  control.o(.data)
    DataID                                   0x200000e0   Data           1  remotedata.o(.data)
    RC_Control                               0x200000e2   Data           8  remotedata.o(.data)
    WiFi_LEDflag                             0x200000ea   Data           1  remotedata.o(.data)
    flag                                     0x200000ed   Data           1  ano_dt.o(.data)
    __stdout                                 0x200000fc   Data           4  stdout.o(.data)
    NRF_TX_DATA                              0x20000130   Data          32  nrf24l01.o(.bss)
    NRF_RX_DATA                              0x20000150   Data          32  nrf24l01.o(.bss)
    Att_Angle                                0x20000170   Data          12  imu.o(.bss)
    Gyro_rad                                 0x2000017c   Data          12  imu.o(.bss)
    Gyro_rad_old                             0x20000188   Data          12  imu.o(.bss)
    Acc_filt                                 0x20000194   Data          12  imu.o(.bss)
    Gyro_filt                                0x200001a0   Data          12  imu.o(.bss)
    Acc_filt_old                             0x200001ac   Data          12  imu.o(.bss)
    accb                                     0x200001b8   Data          12  imu.o(.bss)
    DCMgb                                    0x200001c4   Data          36  imu.o(.bss)
    PIDflash                                 0x20000468   Data          50  paramsave.o(.bss)
    PID_ROL_Angle                            0x2000049c   Data          60  control.o(.bss)
    PID_PIT_Angle                            0x200004d8   Data          60  control.o(.bss)
    PID_YAW_Angle                            0x20000514   Data          60  control.o(.bss)
    PID_ROL_Rate                             0x20000550   Data          60  control.o(.bss)
    PID_PIT_Rate                             0x2000058c   Data          60  control.o(.bss)
    PID_YAW_Rate                             0x200005c8   Data          60  control.o(.bss)
    Measure_Angle                            0x20000604   Data          12  control.o(.bss)
    Target_Angle                             0x20000610   Data          12  control.o(.bss)
    f                                        0x2000061c   Data           9  ano_dt.o(.bss)
    data_to_send                             0x20000625   Data          50  ano_dt.o(.bss)
    __initial_sp                             0x20000a90   Data           0  startup_stm32f411xe.o(STACK)



==============================================================================

Memory Map of the image

  Image Entry point : 0x08000199

  Load Region LR_IROM1 (Base: 0x08000000, Size: 0x00007c24, Max: 0x00040000, ABSOLUTE)

    Execution Region ER_IROM1 (Base: 0x08000000, Size: 0x00007b20, Max: 0x00040000, ABSOLUTE)

    Base Addr    Size         Type   Attr      Idx    E Section Name        Object

    0x08000000   0x00000198   Data   RO          301    RESET               startup_stm32f411xe.o
    0x08000198   0x00000000   Code   RO         6519  * .ARM.Collect$$$$00000000  mc_w.l(entry.o)
    0x08000198   0x00000004   Code   RO         6872    .ARM.Collect$$$$00000001  mc_w.l(entry2.o)
    0x0800019c   0x00000004   Code   RO         6875    .ARM.Collect$$$$00000004  mc_w.l(entry5.o)
    0x080001a0   0x00000000   Code   RO         6877    .ARM.Collect$$$$00000008  mc_w.l(entry7b.o)
    0x080001a0   0x00000000   Code   RO         6879    .ARM.Collect$$$$0000000A  mc_w.l(entry8b.o)
    0x080001a0   0x00000008   Code   RO         6880    .ARM.Collect$$$$0000000B  mc_w.l(entry9a.o)
    0x080001a8   0x00000000   Code   RO         6882    .ARM.Collect$$$$0000000D  mc_w.l(entry10a.o)
    0x080001a8   0x00000000   Code   RO         6884    .ARM.Collect$$$$0000000F  mc_w.l(entry11a.o)
    0x080001a8   0x00000004   Code   RO         6873    .ARM.Collect$$$$00002712  mc_w.l(entry2.o)
    0x080001ac   0x00000024   Code   RO          302    .text               startup_stm32f411xe.o
    0x080001d0   0x00000024   Code   RO         6522    .text               mc_w.l(rand.o)
    0x080001f4   0x00000024   Code   RO         6525    .text               mc_w.l(memcpya.o)
    0x08000218   0x000000e4   Code   RO         6790    .text               mf_w.l(dmul.o)
    0x080002fc   0x000000de   Code   RO         6792    .text               mf_w.l(ddiv.o)
    0x080003da   0x00000022   Code   RO         6796    .text               mf_w.l(dflti.o)
    0x080003fc   0x00000032   Code   RO         6798    .text               mf_w.l(dfixui.o)
    0x0800042e   0x00000026   Code   RO         6800    .text               mf_w.l(f2d.o)
    0x08000454   0x00000030   Code   RO         6802    .text               mf_w.l(cdcmple.o)
    0x08000484   0x00000030   Code   RO         6804    .text               mf_w.l(cdrcmple.o)
    0x080004b4   0x00000038   Code   RO         6806    .text               mf_w.l(d2f.o)
    0x080004ec   0x0000002c   Code   RO         6887    .text               mc_w.l(uidiv.o)
    0x08000518   0x00000062   Code   RO         6889    .text               mc_w.l(uldiv.o)
    0x0800057a   0x00000020   Code   RO         6891    .text               mc_w.l(llushr.o)
    0x0800059a   0x00000000   Code   RO         6900    .text               mc_w.l(iusefp.o)
    0x0800059a   0x0000006e   Code   RO         6901    .text               mf_w.l(fepilogue.o)
    0x08000608   0x000000ba   Code   RO         6903    .text               mf_w.l(depilogue.o)
    0x080006c2   0x0000014e   Code   RO         6905    .text               mf_w.l(dadd.o)
    0x08000810   0x00000030   Code   RO         6907    .text               mf_w.l(dfixul.o)
    0x08000840   0x00000024   Code   RO         6909    .text               mc_w.l(init.o)
    0x08000864   0x0000001e   Code   RO         6911    .text               mc_w.l(llshl.o)
    0x08000882   0x00000024   Code   RO         6913    .text               mc_w.l(llsshr.o)
    0x080008a6   0x000000a2   Code   RO         6915    .text               mf_w.l(dsqrt.o)
    0x08000948   0x00000016   Code   RO          386    i.ADC_Cmd           stm32f4xx_adc.o
    0x0800095e   0x00000002   PAD
    0x08000960   0x00000030   Code   RO          387    i.ADC_CommonInit    stm32f4xx_adc.o
    0x08000990   0x00000008   Code   RO          398    i.ADC_GetConversionValue  stm32f4xx_adc.o
    0x08000998   0x00000012   Code   RO          399    i.ADC_GetFlagStatus  stm32f4xx_adc.o
    0x080009aa   0x00000002   PAD
    0x080009ac   0x00000054   Code   RO          406    i.ADC_Init          stm32f4xx_adc.o
    0x08000a00   0x000000b8   Code   RO          411    i.ADC_RegularChannelConfig  stm32f4xx_adc.o
    0x08000ab8   0x0000000a   Code   RO          413    i.ADC_SoftwareStartConv  stm32f4xx_adc.o
    0x08000ac2   0x00000002   PAD
    0x08000ac4   0x000003b0   Code   RO         6364    i.ANO_DT_Data_Exchange  ano_dt.o
    0x08000e74   0x000004aa   Code   RO         6365    i.ANO_DT_Data_Receive_Anl  ano_dt.o
    0x0800131e   0x00000002   PAD
    0x08001320   0x000000e8   Code   RO         6366    i.ANO_DT_Data_Receive_Prepare  ano_dt.o
    0x08001408   0x00000048   Code   RO         6367    i.ANO_DT_Send_Check  ano_dt.o
    0x08001450   0x00000010   Code   RO         6368    i.ANO_DT_Send_Data  ano_dt.o
    0x08001460   0x0000023c   Code   RO         6370    i.ANO_DT_Send_PID   ano_dt.o
    0x0800169c   0x00000094   Code   RO         6371    i.ANO_DT_Send_Power  ano_dt.o
    0x08001730   0x0000017c   Code   RO         6373    i.ANO_DT_Send_Senser  ano_dt.o
    0x080018ac   0x00000158   Code   RO         6374    i.ANO_DT_Send_Status  ano_dt.o
    0x08001a04   0x0000008c   Code   RO         6090    i.Aver_Filter       filter.o
    0x08001a90   0x00000030   Code   RO         5982    i.BAT_GetAdc        power.o
    0x08001ac0   0x000000c0   Code   RO         5983    i.BAT_GetVoltage    power.o
    0x08001b80   0x000000b4   Code   RO         5984    i.BAT_Init          power.o
    0x08001c34   0x000000b0   Code   RO         5985    i.BAT_LowVoltageAlarm  power.o
    0x08001ce4   0x00000004   Code   RO          186    i.BusFault_Handler  stm32f4xx_it.o
    0x08001ce8   0x000000e8   Code   RO         6303    i.Button_command    remotedata.o
    0x08001dd0   0x00000318   Code   RO         6253    i.Control           control.o
    0x080020e8   0x00000002   Code   RO          187    i.DebugMon_Handler  stm32f4xx_it.o
    0x080020ea   0x00000002   PAD
    0x080020ec   0x00000070   Code   RO         6150    i.DefaultParams     paramsave.o
    0x0800215c   0x0000003c   Code   RO         6151    i.DefaultParams_WriteFlash  paramsave.o
    0x08002198   0x0000007c   Code   RO         5789    i.EXTI2_IRQHandler  nrf24l01.o
    0x08002214   0x00000040   Code   RO         5477    i.EXTIT_Init        exti.o
    0x08002254   0x0000000c   Code   RO         1706    i.EXTI_ClearITPendingBit  stm32f4xx_exti.o
    0x08002260   0x00000024   Code   RO         1707    i.EXTI_DeInit       stm32f4xx_exti.o
    0x08002284   0x00000030   Code   RO         5478    i.EXTI_GPIO_Config  exti.o
    0x080022b4   0x00000018   Code   RO         1710    i.EXTI_GetITStatus  stm32f4xx_exti.o
    0x080022cc   0x00000094   Code   RO         1711    i.EXTI_Init         stm32f4xx_exti.o
    0x08002360   0x00000024   Code   RO         1772    i.FLASH_DataCacheCmd  stm32f4xx_flash.o
    0x08002384   0x00000088   Code   RO         1777    i.FLASH_EraseSector  stm32f4xx_flash.o
    0x0800240c   0x00000054   Code   RO         1779    i.FLASH_GetStatus   stm32f4xx_flash.o
    0x08002460   0x00000014   Code   RO         1783    i.FLASH_Lock        stm32f4xx_flash.o
    0x08002474   0x00000050   Code   RO         1807    i.FLASH_ProgramWord  stm32f4xx_flash.o
    0x080024c4   0x00000024   Code   RO         1809    i.FLASH_Unlock      stm32f4xx_flash.o
    0x080024e8   0x00000022   Code   RO         1810    i.FLASH_WaitForLastOperation  stm32f4xx_flash.o
    0x0800250a   0x00000078   Code   RO         6092    i.FindPos           filter.o
    0x08002582   0x00000090   Code   RO         2060    i.GPIO_Init         stm32f4xx_gpio.o
    0x08002612   0x00000046   Code   RO         2061    i.GPIO_PinAFConfig  stm32f4xx_gpio.o
    0x08002658   0x00000004   Code   RO         2067    i.GPIO_ResetBits    stm32f4xx_gpio.o
    0x0800265c   0x00000004   Code   RO         2068    i.GPIO_SetBits      stm32f4xx_gpio.o
    0x08002660   0x00000004   Code   RO          188    i.HardFault_Handler  stm32f4xx_it.o
    0x08002664   0x000000d8   Code   RO         5531    i.IIC_Ack           iic.o
    0x0800273c   0x0000005c   Code   RO         5532    i.IIC_Init          iic.o
    0x08002798   0x000000d8   Code   RO         5533    i.IIC_NAck          iic.o
    0x08002870   0x000000f8   Code   RO         5534    i.IIC_ReadByte      iic.o
    0x08002968   0x0000007c   Code   RO         5535    i.IIC_ReadLengthBytes  iic.o
    0x080029e4   0x00000054   Code   RO         5536    i.IIC_ReadOneByte   iic.o
    0x08002a38   0x00000100   Code   RO         5537    i.IIC_SendByte      iic.o
    0x08002b38   0x000000e8   Code   RO         5538    i.IIC_Start         iic.o
    0x08002c20   0x000000e4   Code   RO         5539    i.IIC_Stop          iic.o
    0x08002d04   0x000000ec   Code   RO         5540    i.IIC_WaitAck       iic.o
    0x08002df0   0x0000004c   Code   RO         5542    i.IIC_WriteOneByte  iic.o
    0x08002e3c   0x000005a4   Code   RO         6046    i.IMUupdate         imu.o
    0x080033e0   0x0000003c   Code   RO         5228    i.LED_Init          led.o
    0x0800341c   0x00000034   Code   RO         5229    i.LED_Run           led.o
    0x08003450   0x0000009c   Code   RO         5943    i.MOTOR_Init        motor.o
    0x080034ec   0x00000034   Code   RO         5629    i.MPU9250_Check     mpu9250.o
    0x08003520   0x00000056   Code   RO         5631    i.MPU9250_Init      mpu9250.o
    0x08003576   0x00000002   PAD
    0x08003578   0x00000014   Code   RO         5632    i.MPU9250_Read      mpu9250.o
    0x0800358c   0x0000001a   Code   RO         5633    i.MPU9250_ReadByte  mpu9250.o
    0x080035a6   0x0000001e   Code   RO         5634    i.MPU9250_ReadLengthBytes  mpu9250.o
    0x080035c4   0x00000012   Code   RO         5636    i.MPU9250_TestConnection  mpu9250.o
    0x080035d6   0x0000001a   Code   RO         5637    i.MPU9250_WriteByte  mpu9250.o
    0x080035f0   0x000000c0   Code   RO         5639    i.MPU9250_ZeroDriftCalib  mpu9250.o
    0x080036b0   0x0000012c   Code   RO         5640    i.MPU9250_ZeroDriftRemoval  mpu9250.o
    0x080037dc   0x00000010   Code   RO         5641    i.MPU9250_getDeviceID  mpu9250.o
    0x080037ec   0x00000004   Code   RO          189    i.MemManage_Handler  stm32f4xx_it.o
    0x080037f0   0x00000058   Code   RO         5944    i.Motor_Pwm         motor.o
    0x08003848   0x00000002   Code   RO          190    i.NMI_Handler       stm32f4xx_it.o
    0x0800384a   0x00000002   PAD
    0x0800384c   0x00000034   Code   RO         5790    i.NRF24L01_Check    nrf24l01.o
    0x08003880   0x00000080   Code   RO         5791    i.NRF24L01_Config   nrf24l01.o
    0x08003900   0x00000078   Code   RO         5792    i.NRF24L01_Init     nrf24l01.o
    0x08003978   0x0000003c   Code   RO         5793    i.NRF24L01_ReadBuf  nrf24l01.o
    0x080039b4   0x0000002c   Code   RO         5794    i.NRF24L01_ReadReg  nrf24l01.o
    0x080039e0   0x00000030   Code   RO         5795    i.NRF24L01_RxPacket  nrf24l01.o
    0x08003a10   0x0000004c   Code   RO         5796    i.NRF24L01_TestConnection  nrf24l01.o
    0x08003a5c   0x00000054   Code   RO         5797    i.NRF24L01_TxPacket  nrf24l01.o
    0x08003ab0   0x0000003c   Code   RO         5798    i.NRF24L01_WriteBuf  nrf24l01.o
    0x08003aec   0x00000030   Code   RO         5799    i.NRF24L01_WriteReg  nrf24l01.o
    0x08003b1c   0x00000058   Code   RO         5800    i.NRF_GetAddr       nrf24l01.o
    0x08003b74   0x00000058   Code   RO         5801    i.NRF_SetMode       nrf24l01.o
    0x08003bcc   0x00000054   Code   RO         6304    i.NRF_SingalCheck   remotedata.o
    0x08003c20   0x0000007c   Code   RO         5427    i.NVIC_Config       nvic.o
    0x08003c9c   0x00000078   Code   RO          309    i.NVIC_Init         misc.o
    0x08003d14   0x00000014   Code   RO          310    i.NVIC_PriorityGroupConfig  misc.o
    0x08003d28   0x0000011c   Code   RO         6223    i.PID_Postion_Cal   pid.o
    0x08003e44   0x0000005c   Code   RO         6153    i.PID_ReadFlash     paramsave.o
    0x08003ea0   0x0000003c   Code   RO         6154    i.PID_WriteFlash    paramsave.o
    0x08003edc   0x0000020c   Code   RO         6156    i.ParamsToTable     paramsave.o
    0x080040e8   0x00000002   Code   RO          191    i.PendSV_Handler    stm32f4xx_it.o
    0x080040ea   0x00000002   PAD
    0x080040ec   0x000000d4   Code   RO         6224    i.PidParameter_init  pid.o
    0x080041c0   0x00000170   Code   RO         6047    i.Prepare_Data      imu.o
    0x08004330   0x00000034   Code   RO         6093    i.QuickSort         filter.o
    0x08004364   0x00000020   Code   RO         3001    i.RCC_AHB1PeriphClockCmd  stm32f4xx_rcc.o
    0x08004384   0x00000020   Code   RO         3007    i.RCC_APB1PeriphClockCmd  stm32f4xx_rcc.o
    0x080043a4   0x00000020   Code   RO         3010    i.RCC_APB2PeriphClockCmd  stm32f4xx_rcc.o
    0x080043c4   0x000000e8   Code   RO         3019    i.RCC_GetClocksFreq  stm32f4xx_rcc.o
    0x080044ac   0x0000002a   Code   RO         5259    i.RGB_ACC_Calib     rgb.o
    0x080044d6   0x00000002   PAD
    0x080044d8   0x00000030   Code   RO         5260    i.RGB_BAT_Alarm     rgb.o
    0x08004508   0x0000001a   Code   RO         5261    i.RGB_Blue          rgb.o
    0x08004522   0x0000001a   Code   RO         5262    i.RGB_Cyan          rgb.o
    0x0800453c   0x0000002a   Code   RO         5263    i.RGB_Fly           rgb.o
    0x08004566   0x0000002a   Code   RO         5264    i.RGB_GYRO_Calib    rgb.o
    0x08004590   0x00000034   Code   RO         5266    i.RGB_Init          rgb.o
    0x080045c4   0x0000001a   Code   RO         5267    i.RGB_Magnet        rgb.o
    0x080045de   0x0000001a   Code   RO         5268    i.RGB_Off           rgb.o
    0x080045f8   0x00000054   Code   RO         5270    i.RGB_Rand          rgb.o
    0x0800464c   0x0000001a   Code   RO         5271    i.RGB_Red           rgb.o
    0x08004666   0x0000001c   Code   RO         5273    i.RGB_Set_Color     rgb.o
    0x08004682   0x00000002   PAD
    0x08004684   0x00000044   Code   RO         5277    i.RGB_Write0        rgb.o
    0x080046c8   0x00000048   Code   RO         5278    i.RGB_Write1        rgb.o
    0x08004710   0x00000026   Code   RO         5279    i.RGB_Write_Byte    rgb.o
    0x08004736   0x0000001a   Code   RO         5280    i.RGB_Yellow        rgb.o
    0x08004750   0x00000094   Code   RO         6305    i.Remote_Data_ReceiveAnalysis  remotedata.o
    0x080047e4   0x000000c0   Code   RO         5753    i.SPI2_Init         spi.o
    0x080048a4   0x00000054   Code   RO         5755    i.SPI2_WriteReadByte  spi.o
    0x080048f8   0x00000018   Code   RO         4084    i.SPI_Cmd           stm32f4xx_spi.o
    0x08004910   0x00000012   Code   RO         4092    i.SPI_I2S_GetFlagStatus  stm32f4xx_spi.o
    0x08004922   0x00000006   Code   RO         4095    i.SPI_I2S_ReceiveData  stm32f4xx_spi.o
    0x08004928   0x00000004   Code   RO         4096    i.SPI_I2S_SendData  stm32f4xx_spi.o
    0x0800492c   0x0000003c   Code   RO         4097    i.SPI_Init          stm32f4xx_spi.o
    0x08004968   0x00000068   Code   RO         5901    i.STMFLASH_GetFlashSector  stmflash.o
    0x080049d0   0x00000020   Code   RO         5902    i.STMFLASH_Read     stmflash.o
    0x080049f0   0x00000006   Code   RO         5903    i.STMFLASH_ReadWord  stmflash.o
    0x080049f6   0x00000002   PAD
    0x080049f8   0x00000098   Code   RO         5904    i.STMFLASH_Write    stmflash.o
    0x08004a90   0x00000002   Code   RO          192    i.SVC_Handler       stm32f4xx_it.o
    0x08004a92   0x00000002   PAD
    0x08004a94   0x00000040   Code   RO         4249    i.SYSCFG_EXTILineConfig  stm32f4xx_syscfg.o
    0x08004ad4   0x00000114   Code   RO         6306    i.SendToRemote      remotedata.o
    0x08004be8   0x000000e8   Code   RO          261    i.SetSysClock       system_stm32f4xx.o
    0x08004cd0   0x00000154   Code   RO         6095    i.SortAver_FilterXYZ  filter.o
    0x08004e24   0x00000028   Code   RO          313    i.SysTick_CLKSourceConfig  misc.o
    0x08004e4c   0x00000002   Code   RO          193    i.SysTick_Handler   stm32f4xx_it.o
    0x08004e4e   0x00000002   PAD
    0x08004e50   0x00000068   Code   RO          263    i.SystemInit        system_stm32f4xx.o
    0x08004eb8   0x00000074   Code   RO         5945    i.TIM3_GPIOConfig   motor.o
    0x08004f2c   0x00000104   Code   RO         5428    i.TIM4_IRQHandler   nvic.o
    0x08005030   0x00000040   Code   RO         5507    i.TIM4_Init         timer.o
    0x08005070   0x00000018   Code   RO         4310    i.TIM_ARRPreloadConfig  stm32f4xx_tim.o
    0x08005088   0x00000006   Code   RO         4317    i.TIM_ClearITPendingBit  stm32f4xx_tim.o
    0x0800508e   0x00000018   Code   RO         4322    i.TIM_Cmd           stm32f4xx_tim.o
    0x080050a6   0x00000022   Code   RO         4343    i.TIM_GetITStatus   stm32f4xx_tim.o
    0x080050c8   0x00000012   Code   RO         4347    i.TIM_ITConfig      stm32f4xx_tim.o
    0x080050da   0x00000002   PAD
    0x080050dc   0x0000007c   Code   RO         4351    i.TIM_OC1Init       stm32f4xx_tim.o
    0x08005158   0x00000012   Code   RO         4354    i.TIM_OC1PreloadConfig  stm32f4xx_tim.o
    0x0800516a   0x00000002   PAD
    0x0800516c   0x000000a4   Code   RO         4356    i.TIM_OC2Init       stm32f4xx_tim.o
    0x08005210   0x0000001a   Code   RO         4359    i.TIM_OC2PreloadConfig  stm32f4xx_tim.o
    0x0800522a   0x00000002   PAD
    0x0800522c   0x000000a0   Code   RO         4361    i.TIM_OC3Init       stm32f4xx_tim.o
    0x080052cc   0x00000012   Code   RO         4364    i.TIM_OC3PreloadConfig  stm32f4xx_tim.o
    0x080052de   0x00000002   PAD
    0x080052e0   0x00000078   Code   RO         4366    i.TIM_OC4Init       stm32f4xx_tim.o
    0x08005358   0x0000001a   Code   RO         4368    i.TIM_OC4PreloadConfig  stm32f4xx_tim.o
    0x08005372   0x00000002   PAD
    0x08005374   0x00000084   Code   RO         4394    i.TIM_TimeBaseInit  stm32f4xx_tim.o
    0x080053f8   0x00000240   Code   RO         6157    i.TableToParams     paramsave.o
    0x08005638   0x00000064   Code   RO         5130    i.USART1_GPIO_Config  usart.o
    0x0800569c   0x00000048   Code   RO         5429    i.USART1_IRQHandler  nvic.o
    0x080056e4   0x00000058   Code   RO         5131    i.USART1_Init       usart.o
    0x0800573c   0x00000078   Code   RO         5430    i.USART2_IRQHandler  nvic.o
    0x080057b4   0x0000001e   Code   RO         4873    i.USART_ClearITPendingBit  stm32f4xx_usart.o
    0x080057d2   0x00000018   Code   RO         4876    i.USART_Cmd         stm32f4xx_usart.o
    0x080057ea   0x0000001a   Code   RO         4879    i.USART_GetFlagStatus  stm32f4xx_usart.o
    0x08005804   0x00000054   Code   RO         4880    i.USART_GetITStatus  stm32f4xx_usart.o
    0x08005858   0x0000004a   Code   RO         4882    i.USART_ITConfig    stm32f4xx_usart.o
    0x080058a2   0x00000002   PAD
    0x080058a4   0x000000d4   Code   RO         4883    i.USART_Init        stm32f4xx_usart.o
    0x08005978   0x00000030   Code   RO         5134    i.USART_Send        usart.o
    0x080059a8   0x00000008   Code   RO         4893    i.USART_SendData    stm32f4xx_usart.o
    0x080059b0   0x00000020   Code   RO         6307    i.UnControl_Land    remotedata.o
    0x080059d0   0x00000004   Code   RO          194    i.UsageFault_Handler  stm32f4xx_it.o
    0x080059d4   0x000000ec   Code   RO         6308    i.WiFi_Data_ReceiveAnalysis  remotedata.o
    0x08005ac0   0x00000030   Code   RO         5987    i.WiFi_Switch       power.o
    0x08005af0   0x0000009c   Code   RO         6255    i.Yaw_Carefree      control.o
    0x08005b8c   0x00000020   Code   RO         6762    i.__0printf         mc_w.l(printfa.o)
    0x08005bac   0x00000030   Code   RO         6836    i.__ARM_fpclassify  m_wm.l(fpclassify.o)
    0x08005bdc   0x00000026   Code   RO         6838    i.__ARM_fpclassifyf  m_wm.l(fpclassifyf.o)
    0x08005c02   0x00000006   PAD
    0x08005c08   0x00000360   Code   RO         6449    i.__hardfp_asin     m_wm.l(asin.o)
    0x08005f68   0x000002d8   Code   RO         6808    i.__hardfp_atan     m_wm.l(atan.o)
    0x08006240   0x000001f0   Code   RO         6463    i.__hardfp_atan2    m_wm.l(atan2.o)
    0x08006430   0x00000150   Code   RO         6475    i.__hardfp_cosf     m_wm.l(cosf.o)
    0x08006580   0x00000014   Code   RO         6487    i.__hardfp_fabs     m_wm.l(fabs.o)
    0x08006594   0x00000004   PAD
    0x08006598   0x000003c4   Code   RO         6493    i.__hardfp_log      m_wm.l(log.o)
    0x0800695c   0x00000190   Code   RO         6507    i.__hardfp_sinf     m_wm.l(sinf.o)
    0x08006aec   0x000000f8   Code   RO         6854    i.__kernel_poly     m_wm.l(poly.o)
    0x08006be4   0x00000004   PAD
    0x08006be8   0x00000030   Code   RO         6822    i.__mathlib_dbl_divzero  m_wm.l(dunder.o)
    0x08006c18   0x00000014   Code   RO         6823    i.__mathlib_dbl_infnan  m_wm.l(dunder.o)
    0x08006c2c   0x00000014   Code   RO         6824    i.__mathlib_dbl_infnan2  m_wm.l(dunder.o)
    0x08006c40   0x00000020   Code   RO         6825    i.__mathlib_dbl_invalid  m_wm.l(dunder.o)
    0x08006c60   0x00000020   Code   RO         6828    i.__mathlib_dbl_underflow  m_wm.l(dunder.o)
    0x08006c80   0x00000006   Code   RO         6841    i.__mathlib_flt_infnan  m_wm.l(funder.o)
    0x08006c86   0x00000002   PAD
    0x08006c88   0x00000010   Code   RO         6843    i.__mathlib_flt_invalid  m_wm.l(funder.o)
    0x08006c98   0x00000010   Code   RO         6846    i.__mathlib_flt_underflow  m_wm.l(funder.o)
    0x08006ca8   0x00000154   Code   RO         6857    i.__mathlib_rredf2  m_wm.l(rredf.o)
    0x08006dfc   0x0000000e   Code   RO         6919    i.__scatterload_copy  mc_w.l(handlers.o)
    0x08006e0a   0x00000002   Code   RO         6920    i.__scatterload_null  mc_w.l(handlers.o)
    0x08006e0c   0x0000000e   Code   RO         6921    i.__scatterload_zeroinit  mc_w.l(handlers.o)
    0x08006e1a   0x00000002   PAD
    0x08006e1c   0x0000000c   Code   RO         6895    i.__set_errno       mc_w.l(errno.o)
    0x08006e28   0x00000164   Code   RO         6769    i._fp_digits        mc_w.l(printfa.o)
    0x08006f8c   0x000006dc   Code   RO         6770    i._printf_core      mc_w.l(printfa.o)
    0x08007668   0x00000024   Code   RO         6771    i._printf_post_padding  mc_w.l(printfa.o)
    0x0800768c   0x0000002e   Code   RO         6772    i._printf_pre_padding  mc_w.l(printfa.o)
    0x080076ba   0x00000010   Code   RO         6810    i.atan              m_wm.l(atan.o)
    0x080076ca   0x00000002   PAD
    0x080076cc   0x00000048   Code   RO         5185    i.delay_Init        delay.o
    0x08007714   0x00000048   Code   RO         5186    i.delay_ms          delay.o
    0x0800775c   0x00000048   Code   RO         5187    i.delay_us          delay.o
    0x080077a4   0x00000018   Code   RO         6489    i.fabs              m_wm.l(fabs.o)
    0x080077bc   0x00000024   Code   RO         5135    i.fputc             usart.o
    0x080077e0   0x0000003c   Code   RO         6048    i.invSqrt           imu.o
    0x0800781c   0x00000104   Code   RO            4    i.main              main.o
    0x08007920   0x0000006e   Code   RO         6862    i.sqrt              m_wm.l(sqrt.o)
    0x0800798e   0x00000002   PAD
    0x08007990   0x00000024   Data   RO         6050    .constdata          imu.o
    0x080079b4   0x00000004   PAD
    0x080079b8   0x00000050   Data   RO         6452    .constdata          m_wm.l(asin.o)
    0x08007a08   0x00000038   Data   RO         6496    .constdata          m_wm.l(log.o)
    0x08007a40   0x00000098   Data   RO         6811    .constdata          m_wm.l(atan.o)
    0x08007ad8   0x00000008   Data   RO         6856    .constdata          m_wm.l(qnan.o)
    0x08007ae0   0x00000020   Data   RO         6858    .constdata          m_wm.l(rredf.o)
    0x08007b00   0x00000020   Data   RO         6917    Region$$Table       anon$$obj.o


    Execution Region RW_IRAM1 (Base: 0x20000000, Size: 0x00000a90, Max: 0x00020000, ABSOLUTE)

    Base Addr    Size         Type   Attr      Idx    E Section Name        Object

    0x20000000   0x00000014   Data   RW          264    .data               system_stm32f4xx.o
    0x20000014   0x00000010   Data   RW         3049    .data               stm32f4xx_rcc.o
    0x20000024   0x00000008   Data   RW         5188    .data               delay.o
    0x2000002c   0x00000001   Data   RW         5230    .data               led.o
    0x2000002d   0x00000005   Data   RW         5281    .data               rgb.o
    0x20000032   0x00000014   Data   RW         5432    .data               nvic.o
    0x20000046   0x00000002   PAD
    0x20000048   0x0000002a   Data   RW         5643    .data               mpu9250.o
    0x20000072   0x0000000d   Data   RW         5804    .data               nrf24l01.o
    0x2000007f   0x00000001   PAD
    0x20000080   0x00000017   Data   RW         5988    .data               power.o
    0x20000097   0x00000001   PAD
    0x20000098   0x00000021   Data   RW         6051    .data               imu.o
    0x200000b9   0x00000008   Data   RW         6097    .data               filter.o
    0x200000c1   0x00000003   PAD
    0x200000c4   0x0000001c   Data   RW         6258    .data               control.o
    0x200000e0   0x0000000d   Data   RW         6309    .data               remotedata.o
    0x200000ed   0x00000009   Data   RW         6376    .data               ano_dt.o
    0x200000f6   0x00000002   PAD
    0x200000f8   0x00000004   Data   RW         6523    .data               mc_w.l(rand.o)
    0x200000fc   0x00000004   Data   RW         6886    .data               mc_w.l(stdout.o)
    0x20000100   0x00000004   Data   RW         6896    .data               mc_w.l(errno.o)
    0x20000104   0x0000001e   Zero   RW         5431    .bss                nvic.o
    0x20000122   0x0000000e   Zero   RW         5642    .bss                mpu9250.o
    0x20000130   0x00000040   Zero   RW         5803    .bss                nrf24l01.o
    0x20000170   0x00000078   Zero   RW         6049    .bss                imu.o
    0x200001e8   0x00000280   Zero   RW         6096    .bss                filter.o
    0x20000468   0x00000032   Zero   RW         6158    .bss                paramsave.o
    0x2000049a   0x00000002   PAD
    0x2000049c   0x00000180   Zero   RW         6257    .bss                control.o
    0x2000061c   0x0000006d   Zero   RW         6375    .bss                ano_dt.o
    0x20000689   0x00000007   PAD
    0x20000690   0x00000400   Zero   RW          299    STACK               startup_stm32f411xe.o


==============================================================================

Image component sizes


      Code (inc. data)   RO Data    RW Data    ZI Data      Debug   Object Name

      3902        214          0          9        109       9921   ano_dt.o
       948         82          0         28        384       6522   control.o
       216         30          0          8          0       1875   delay.o
       112          6          0          0          0       1108   exti.o
       652         42          0          8        640       8741   filter.o
      2008        202          0          0          0       8074   iic.o
      1872        100         36         33        120       7603   imu.o
       112         14          0          1          0       1065   led.o
       260         50          0          0          0      70687   main.o
       180         24          0          0          0     226605   misc.o
       360         18          0          0          0       2007   motor.o
       766         76          0         42         14      10409   mpu9250.o
      1020        158          0         13         64       9529   nrf24l01.o
       576         74          0         20         30       3376   nvic.o
      1424        126          0          0         50       7123   paramsave.o
       496         66          0          0          0       1542   pid.o
       644         98          0         23          0       6760   power.o
      1008        126          0         13          0       7907   remotedata.o
       672         24          0          5          0       9974   rgb.o
       276         14          0          0          0       1373   spi.o
        36          8        408          0       1024        848   startup_stm32f411xe.o
       374         24          0          0          0       5662   stm32f4xx_adc.o
       220         24          0          0          0       2650   stm32f4xx_exti.o
       426         40          0          0          0       4608   stm32f4xx_flash.o
       222          0          0          0          0       2943   stm32f4xx_gpio.o
        26          0          0          0          0       4190   stm32f4xx_it.o
       328         36          0         16          0       4747   stm32f4xx_rcc.o
       112          0          0          0          0       3574   stm32f4xx_spi.o
        64          4          0          0          0        668   stm32f4xx_syscfg.o
       894         66          0          0          0       9805   stm32f4xx_tim.o
       458          8          0          0          0       5663   stm32f4xx_usart.o
       294         34          0          0          0       3175   stmflash.o
       336         32          0         20          0       1857   system_stm32f4xx.o
        64          4          0          0          0        556   timer.o
       272         20          0          0          0       2836   usart.o

    ----------------------------------------------------------------------
     21668       1844        480        248       2444     455983   Object Totals
         0          0         32          0          0          0   (incl. Generated)
        38          0          4          9          9          0   (incl. Padding)

    ----------------------------------------------------------------------

      Code (inc. data)   RO Data    RW Data    ZI Data      Debug   Library Member Name

       864         94         80          0          0        280   asin.o
       744        106        152          0          0        352   atan.o
       496         64          0          0          0        192   atan2.o
       336         56          0          0          0        136   cosf.o
       152         36          0          0          0        620   dunder.o
        44          0          0          0          0        248   fabs.o
        48          0          0          0          0        124   fpclassify.o
        38          0          0          0          0        116   fpclassifyf.o
        38         12          0          0          0        348   funder.o
       964         92         56          0          0        316   log.o
       248          0          0          0          0        152   poly.o
         0          0          8          0          0          0   qnan.o
       340         24         32          0          0        160   rredf.o
       400         56          0          0          0        212   sinf.o
       110          0          0          0          0        148   sqrt.o
         0          0          0          0          0          0   entry.o
         0          0          0          0          0          0   entry10a.o
         0          0          0          0          0          0   entry11a.o
         8          4          0          0          0          0   entry2.o
         4          0          0          0          0          0   entry5.o
         0          0          0          0          0          0   entry7b.o
         0          0          0          0          0          0   entry8b.o
         8          4          0          0          0          0   entry9a.o
        12          6          0          4          0         68   errno.o
        30          0          0          0          0          0   handlers.o
        36          8          0          0          0         68   init.o
         0          0          0          0          0          0   iusefp.o
        30          0          0          0          0         68   llshl.o
        36          0          0          0          0         68   llsshr.o
        32          0          0          0          0         68   llushr.o
        36          0          0          0          0         68   memcpya.o
      2226         90          0          0          0        444   printfa.o
        36         10          0          4          0        136   rand.o
         0          0          0          4          0          0   stdout.o
        44          0          0          0          0         80   uidiv.o
        98          0          0          0          0         92   uldiv.o
        48          0          0          0          0         68   cdcmple.o
        48          0          0          0          0         68   cdrcmple.o
        56          0          0          0          0         88   d2f.o
       334          0          0          0          0        148   dadd.o
       222          0          0          0          0        100   ddiv.o
       186          0          0          0          0        176   depilogue.o
        50          0          0          0          0         76   dfixui.o
        48          0          0          0          0         68   dfixul.o
        34          0          0          0          0         76   dflti.o
       228          0          0          0          0         96   dmul.o
       162          0          0          0          0        100   dsqrt.o
        38          0          0          0          0         68   f2d.o
       110          0          0          0          0        168   fepilogue.o

    ----------------------------------------------------------------------
      9044        662        328         12          0       5864   Library Totals
        22          0          0          0          0          0   (incl. Padding)

    ----------------------------------------------------------------------

      Code (inc. data)   RO Data    RW Data    ZI Data      Debug   Library Name

      4822        540        328          0          0       3404   m_wm.l
      2636        122          0         12          0       1160   mc_w.l
      1564          0          0          0          0       1300   mf_w.l

    ----------------------------------------------------------------------
      9044        662        328         12          0       5864   Library Totals

    ----------------------------------------------------------------------

==============================================================================


      Code (inc. data)   RO Data    RW Data    ZI Data      Debug   

     30712       2506        808        260       2444     441551   Grand Totals
     30712       2506        808        260       2444     441551   ELF Image Totals
     30712       2506        808        260          0          0   ROM Totals

==============================================================================

    Total RO  Size (Code + RO Data)                31520 (  30.78kB)
    Total RW  Size (RW Data + ZI Data)              2704 (   2.64kB)
    Total ROM Size (Code + RO Data + RW Data)      31780 (  31.04kB)

==============================================================================

